TimeQuest Timing Analyzer report for part4
Fri Sep 17 08:44:13 2021
Quartus II 64-Bit Version 13.0.0 Build 156 04/24/2013 SJ Web Edition


---------------------
; Table of Contents ;
---------------------
  1. Legal Notice
  2. TimeQuest Timing Analyzer Summary
  3. Parallel Compilation
  4. Clocks
  5. Slow Model Fmax Summary
  6. Slow Model Setup Summary
  7. Slow Model Hold Summary
  8. Slow Model Recovery Summary
  9. Slow Model Removal Summary
 10. Slow Model Minimum Pulse Width Summary
 11. Propagation Delay
 12. Minimum Propagation Delay
 13. Fast Model Setup Summary
 14. Fast Model Hold Summary
 15. Fast Model Recovery Summary
 16. Fast Model Removal Summary
 17. Fast Model Minimum Pulse Width Summary
 18. Propagation Delay
 19. Minimum Propagation Delay
 20. Multicorner Timing Analysis Summary
 21. Progagation Delay
 22. Minimum Progagation Delay
 23. Clock Transfers
 24. Report TCCS
 25. Report RSKM
 26. Unconstrained Paths
 27. TimeQuest Timing Analyzer Messages



----------------
; Legal Notice ;
----------------
Copyright (C) 1991-2013 Altera Corporation
Your use of Altera Corporation's design tools, logic functions 
and other software and tools, and its AMPP partner logic 
functions, and any output files from any of the foregoing 
(including device programming or simulation files), and any 
associated documentation or information are expressly subject 
to the terms and conditions of the Altera Program License 
Subscription Agreement, Altera MegaCore Function License 
Agreement, or other applicable license agreement, including, 
without limitation, that your use is for the sole purpose of 
programming logic devices manufactured by Altera and sold by 
Altera or its authorized distributors.  Please refer to the 
applicable agreement for further details.



+-------------------------------------------------------------------------+
; TimeQuest Timing Analyzer Summary                                       ;
+--------------------+----------------------------------------------------+
; Quartus II Version ; Version 13.0.0 Build 156 04/24/2013 SJ Web Edition ;
; Revision Name      ; part4                                              ;
; Device Family      ; Cyclone II                                         ;
; Device Name        ; EP2C35F672C6                                       ;
; Timing Models      ; Final                                              ;
; Delay Model        ; Combined                                           ;
; Rise/Fall Delays   ; Unavailable                                        ;
+--------------------+----------------------------------------------------+


Parallel compilation was disabled, but you have multiple processors available. Enable parallel compilation to reduce compilation time.
+-------------------------------------+
; Parallel Compilation                ;
+----------------------------+--------+
; Processors                 ; Number ;
+----------------------------+--------+
; Number detected on machine ; 8      ;
; Maximum allowed            ; 1      ;
+----------------------------+--------+


----------
; Clocks ;
----------
No clocks to report.


---------------------------
; Slow Model Fmax Summary ;
---------------------------
No paths to report.


----------------------------
; Slow Model Setup Summary ;
----------------------------
No paths to report.


---------------------------
; Slow Model Hold Summary ;
---------------------------
No paths to report.


-------------------------------
; Slow Model Recovery Summary ;
-------------------------------
No paths to report.


------------------------------
; Slow Model Removal Summary ;
------------------------------
No paths to report.


------------------------------------------
; Slow Model Minimum Pulse Width Summary ;
------------------------------------------
No paths to report.


+--------------------------------------------------------------+
; Propagation Delay                                            ;
+------------+-------------+--------+--------+--------+--------+
; Input Port ; Output Port ; RR     ; RF     ; FR     ; FF     ;
+------------+-------------+--------+--------+--------+--------+
; SW[0]      ; HEX0[0]     ; 11.420 ; 11.420 ; 11.420 ; 11.420 ;
; SW[0]      ; HEX0[1]     ; 11.389 ; 11.389 ; 11.389 ; 11.389 ;
; SW[0]      ; HEX0[2]     ; 11.401 ; 11.401 ; 11.401 ; 11.401 ;
; SW[0]      ; HEX0[3]     ; 11.172 ; 11.172 ; 11.172 ; 11.172 ;
; SW[0]      ; HEX0[4]     ; 11.171 ; 11.171 ; 11.171 ; 11.171 ;
; SW[0]      ; HEX0[5]     ; 11.151 ; 11.151 ; 11.151 ; 11.151 ;
; SW[0]      ; HEX0[6]     ; 11.159 ; 11.159 ; 11.159 ; 11.159 ;
; SW[0]      ; HEX1[0]     ; 9.225  ; 9.225  ; 9.225  ; 9.225  ;
; SW[0]      ; HEX1[3]     ; 9.042  ; 9.042  ; 9.042  ; 9.042  ;
; SW[0]      ; HEX1[4]     ; 9.062  ; 9.062  ; 9.062  ; 9.062  ;
; SW[0]      ; HEX1[5]     ; 8.758  ; 8.758  ; 8.758  ; 8.758  ;
; SW[0]      ; LEDG[0]     ; 6.536  ; 6.536  ; 6.536  ; 6.536  ;
; SW[0]      ; LEDG[1]     ; 7.233  ; 7.233  ; 7.233  ; 7.233  ;
; SW[0]      ; LEDG[2]     ; 7.220  ; 7.220  ; 7.220  ; 7.220  ;
; SW[0]      ; LEDG[3]     ; 7.627  ; 7.627  ; 7.627  ; 7.627  ;
; SW[0]      ; LEDG[4]     ; 7.672  ;        ;        ; 7.672  ;
; SW[0]      ; LEDR[0]     ; 5.179  ;        ;        ; 5.179  ;
; SW[1]      ; HEX0[0]     ; 10.491 ; 10.491 ; 10.491 ; 10.491 ;
; SW[1]      ; HEX0[1]     ; 10.460 ; 10.460 ; 10.460 ; 10.460 ;
; SW[1]      ; HEX0[2]     ; 10.472 ; 10.472 ; 10.472 ; 10.472 ;
; SW[1]      ; HEX0[3]     ; 10.243 ; 10.243 ; 10.243 ; 10.243 ;
; SW[1]      ; HEX0[4]     ; 10.242 ; 10.242 ; 10.242 ; 10.242 ;
; SW[1]      ; HEX0[5]     ; 10.222 ; 10.222 ; 10.222 ; 10.222 ;
; SW[1]      ; HEX0[6]     ; 10.230 ; 10.230 ; 10.230 ; 10.230 ;
; SW[1]      ; HEX1[0]     ; 8.296  ; 8.296  ; 8.296  ; 8.296  ;
; SW[1]      ; HEX1[3]     ; 8.113  ; 8.113  ; 8.113  ; 8.113  ;
; SW[1]      ; HEX1[4]     ; 8.133  ; 8.133  ; 8.133  ; 8.133  ;
; SW[1]      ; HEX1[5]     ; 7.829  ; 7.829  ; 7.829  ; 7.829  ;
; SW[1]      ; LEDG[1]     ; 6.309  ; 6.309  ; 6.309  ; 6.309  ;
; SW[1]      ; LEDG[2]     ; 6.291  ; 6.291  ; 6.291  ; 6.291  ;
; SW[1]      ; LEDG[3]     ; 6.698  ; 6.698  ; 6.698  ; 6.698  ;
; SW[1]      ; LEDG[4]     ; 6.743  ;        ;        ; 6.743  ;
; SW[1]      ; LEDG[8]     ; 8.235  ;        ;        ; 8.235  ;
; SW[1]      ; LEDR[1]     ; 5.870  ;        ;        ; 5.870  ;
; SW[2]      ; HEX0[0]     ; 11.034 ; 11.034 ; 11.034 ; 11.034 ;
; SW[2]      ; HEX0[1]     ; 11.003 ; 11.003 ; 11.003 ; 11.003 ;
; SW[2]      ; HEX0[2]     ; 11.015 ; 11.015 ; 11.015 ; 11.015 ;
; SW[2]      ; HEX0[3]     ; 10.786 ; 10.786 ; 10.786 ; 10.786 ;
; SW[2]      ; HEX0[4]     ; 10.785 ; 10.785 ; 10.785 ; 10.785 ;
; SW[2]      ; HEX0[5]     ; 10.765 ; 10.765 ; 10.765 ; 10.765 ;
; SW[2]      ; HEX0[6]     ; 10.773 ; 10.773 ; 10.773 ; 10.773 ;
; SW[2]      ; HEX1[0]     ; 8.839  ; 8.839  ; 8.839  ; 8.839  ;
; SW[2]      ; HEX1[3]     ; 8.656  ; 8.656  ; 8.656  ; 8.656  ;
; SW[2]      ; HEX1[4]     ; 8.676  ; 8.676  ; 8.676  ; 8.676  ;
; SW[2]      ; HEX1[5]     ; 8.372  ; 8.372  ; 8.372  ; 8.372  ;
; SW[2]      ; LEDG[2]     ; 6.698  ; 6.698  ; 6.698  ; 6.698  ;
; SW[2]      ; LEDG[3]     ; 7.241  ; 7.241  ; 7.241  ; 7.241  ;
; SW[2]      ; LEDG[4]     ; 7.286  ;        ;        ; 7.286  ;
; SW[2]      ; LEDG[8]     ; 8.004  ;        ;        ; 8.004  ;
; SW[2]      ; LEDR[2]     ; 5.629  ;        ;        ; 5.629  ;
; SW[3]      ; HEX0[0]     ; 10.788 ; 10.788 ; 10.788 ; 10.788 ;
; SW[3]      ; HEX0[1]     ; 10.757 ; 10.757 ; 10.757 ; 10.757 ;
; SW[3]      ; HEX0[2]     ; 10.769 ; 10.769 ; 10.769 ; 10.769 ;
; SW[3]      ; HEX0[3]     ; 10.540 ; 10.540 ; 10.540 ; 10.540 ;
; SW[3]      ; HEX0[4]     ; 10.539 ; 10.539 ; 10.539 ; 10.539 ;
; SW[3]      ; HEX0[5]     ; 10.519 ; 10.519 ; 10.519 ; 10.519 ;
; SW[3]      ; HEX0[6]     ; 10.527 ; 10.527 ; 10.527 ; 10.527 ;
; SW[3]      ; HEX1[0]     ; 8.593  ; 8.593  ; 8.593  ; 8.593  ;
; SW[3]      ; HEX1[3]     ; 8.410  ; 8.410  ; 8.410  ; 8.410  ;
; SW[3]      ; HEX1[4]     ; 8.430  ; 8.430  ; 8.430  ; 8.430  ;
; SW[3]      ; HEX1[5]     ; 8.126  ; 8.126  ; 8.126  ; 8.126  ;
; SW[3]      ; LEDG[3]     ; 6.995  ; 6.995  ; 6.995  ; 6.995  ;
; SW[3]      ; LEDG[4]     ; 7.040  ;        ;        ; 7.040  ;
; SW[3]      ; LEDG[8]     ; 8.673  ;        ;        ; 8.673  ;
; SW[3]      ; LEDR[3]     ; 5.791  ;        ;        ; 5.791  ;
; SW[4]      ; HEX0[0]     ; 11.087 ; 11.087 ; 11.087 ; 11.087 ;
; SW[4]      ; HEX0[1]     ; 11.056 ; 11.056 ; 11.056 ; 11.056 ;
; SW[4]      ; HEX0[2]     ; 11.068 ; 11.068 ; 11.068 ; 11.068 ;
; SW[4]      ; HEX0[3]     ; 10.839 ; 10.839 ; 10.839 ; 10.839 ;
; SW[4]      ; HEX0[4]     ; 10.838 ; 10.838 ; 10.838 ; 10.838 ;
; SW[4]      ; HEX0[5]     ; 10.818 ; 10.818 ; 10.818 ; 10.818 ;
; SW[4]      ; HEX0[6]     ; 10.826 ; 10.826 ; 10.826 ; 10.826 ;
; SW[4]      ; HEX1[0]     ; 8.892  ; 8.892  ; 8.892  ; 8.892  ;
; SW[4]      ; HEX1[3]     ; 8.709  ; 8.709  ; 8.709  ; 8.709  ;
; SW[4]      ; HEX1[4]     ; 8.729  ; 8.729  ; 8.729  ; 8.729  ;
; SW[4]      ; HEX1[5]     ; 8.425  ; 8.425  ; 8.425  ; 8.425  ;
; SW[4]      ; LEDG[0]     ; 6.203  ; 6.203  ; 6.203  ; 6.203  ;
; SW[4]      ; LEDG[1]     ; 6.900  ; 6.900  ; 6.900  ; 6.900  ;
; SW[4]      ; LEDG[2]     ; 6.887  ; 6.887  ; 6.887  ; 6.887  ;
; SW[4]      ; LEDG[3]     ; 7.294  ; 7.294  ; 7.294  ; 7.294  ;
; SW[4]      ; LEDG[4]     ; 7.339  ;        ;        ; 7.339  ;
; SW[4]      ; LEDR[4]     ; 5.286  ;        ;        ; 5.286  ;
; SW[5]      ; HEX0[0]     ; 10.612 ; 10.612 ; 10.612 ; 10.612 ;
; SW[5]      ; HEX0[1]     ; 10.581 ; 10.581 ; 10.581 ; 10.581 ;
; SW[5]      ; HEX0[2]     ; 10.593 ; 10.593 ; 10.593 ; 10.593 ;
; SW[5]      ; HEX0[3]     ; 10.364 ; 10.364 ; 10.364 ; 10.364 ;
; SW[5]      ; HEX0[4]     ; 10.363 ; 10.363 ; 10.363 ; 10.363 ;
; SW[5]      ; HEX0[5]     ; 10.343 ; 10.343 ; 10.343 ; 10.343 ;
; SW[5]      ; HEX0[6]     ; 10.351 ; 10.351 ; 10.351 ; 10.351 ;
; SW[5]      ; HEX1[0]     ; 8.417  ; 8.417  ; 8.417  ; 8.417  ;
; SW[5]      ; HEX1[3]     ; 8.234  ; 8.234  ; 8.234  ; 8.234  ;
; SW[5]      ; HEX1[4]     ; 8.254  ; 8.254  ; 8.254  ; 8.254  ;
; SW[5]      ; HEX1[5]     ; 7.950  ; 7.950  ; 7.950  ; 7.950  ;
; SW[5]      ; LEDG[1]     ; 6.358  ; 6.358  ; 6.358  ; 6.358  ;
; SW[5]      ; LEDG[2]     ; 6.335  ; 6.335  ; 6.335  ; 6.335  ;
; SW[5]      ; LEDG[3]     ; 6.819  ; 6.819  ; 6.819  ; 6.819  ;
; SW[5]      ; LEDG[4]     ; 6.864  ;        ;        ; 6.864  ;
; SW[5]      ; LEDG[8]     ; 7.496  ;        ;        ; 7.496  ;
; SW[5]      ; LEDR[5]     ; 5.706  ;        ;        ; 5.706  ;
; SW[6]      ; HEX0[0]     ; 11.347 ; 11.347 ; 11.347 ; 11.347 ;
; SW[6]      ; HEX0[1]     ; 11.316 ; 11.316 ; 11.316 ; 11.316 ;
; SW[6]      ; HEX0[2]     ; 11.328 ; 11.328 ; 11.328 ; 11.328 ;
; SW[6]      ; HEX0[3]     ; 11.099 ; 11.099 ; 11.099 ; 11.099 ;
; SW[6]      ; HEX0[4]     ; 11.098 ; 11.098 ; 11.098 ; 11.098 ;
; SW[6]      ; HEX0[5]     ; 11.078 ; 11.078 ; 11.078 ; 11.078 ;
; SW[6]      ; HEX0[6]     ; 11.086 ; 11.086 ; 11.086 ; 11.086 ;
; SW[6]      ; HEX1[0]     ; 9.152  ; 9.152  ; 9.152  ; 9.152  ;
; SW[6]      ; HEX1[3]     ; 8.969  ; 8.969  ; 8.969  ; 8.969  ;
; SW[6]      ; HEX1[4]     ; 8.989  ; 8.989  ; 8.989  ; 8.989  ;
; SW[6]      ; HEX1[5]     ; 8.685  ; 8.685  ; 8.685  ; 8.685  ;
; SW[6]      ; LEDG[2]     ; 6.980  ; 6.980  ; 6.980  ; 6.980  ;
; SW[6]      ; LEDG[3]     ; 7.554  ; 7.554  ; 7.554  ; 7.554  ;
; SW[6]      ; LEDG[4]     ; 7.599  ;        ;        ; 7.599  ;
; SW[6]      ; LEDG[8]     ; 7.323  ;        ;        ; 7.323  ;
; SW[6]      ; LEDR[6]     ; 5.347  ;        ;        ; 5.347  ;
; SW[7]      ; HEX0[0]     ; 11.620 ; 11.620 ; 11.620 ; 11.620 ;
; SW[7]      ; HEX0[1]     ; 11.589 ; 11.589 ; 11.589 ; 11.589 ;
; SW[7]      ; HEX0[2]     ; 11.601 ; 11.601 ; 11.601 ; 11.601 ;
; SW[7]      ; HEX0[3]     ; 11.372 ; 11.372 ; 11.372 ; 11.372 ;
; SW[7]      ; HEX0[4]     ; 11.371 ; 11.371 ; 11.371 ; 11.371 ;
; SW[7]      ; HEX0[5]     ; 11.351 ; 11.351 ; 11.351 ; 11.351 ;
; SW[7]      ; HEX0[6]     ; 11.359 ; 11.359 ; 11.359 ; 11.359 ;
; SW[7]      ; HEX1[0]     ; 9.425  ; 9.425  ; 9.425  ; 9.425  ;
; SW[7]      ; HEX1[3]     ; 9.242  ; 9.242  ; 9.242  ; 9.242  ;
; SW[7]      ; HEX1[4]     ; 9.262  ; 9.262  ; 9.262  ; 9.262  ;
; SW[7]      ; HEX1[5]     ; 8.958  ; 8.958  ; 8.958  ; 8.958  ;
; SW[7]      ; LEDG[3]     ; 7.827  ; 7.827  ; 7.827  ; 7.827  ;
; SW[7]      ; LEDG[4]     ; 7.874  ;        ;        ; 7.874  ;
; SW[7]      ; LEDG[8]     ; 8.987  ;        ;        ; 8.987  ;
; SW[7]      ; LEDR[7]     ; 6.284  ;        ;        ; 6.284  ;
; SW[8]      ; HEX0[0]     ; 12.687 ; 12.687 ; 12.687 ; 12.687 ;
; SW[8]      ; HEX0[1]     ; 12.656 ; 12.656 ; 12.656 ; 12.656 ;
; SW[8]      ; HEX0[2]     ; 12.668 ; 12.668 ; 12.668 ; 12.668 ;
; SW[8]      ; HEX0[3]     ; 12.439 ; 12.439 ; 12.439 ; 12.439 ;
; SW[8]      ; HEX0[4]     ; 12.438 ; 12.438 ; 12.438 ; 12.438 ;
; SW[8]      ; HEX0[5]     ; 12.418 ; 12.418 ; 12.418 ; 12.418 ;
; SW[8]      ; HEX0[6]     ; 12.426 ; 12.426 ; 12.426 ; 12.426 ;
; SW[8]      ; HEX1[0]     ; 10.492 ; 10.492 ; 10.492 ; 10.492 ;
; SW[8]      ; HEX1[3]     ; 10.309 ; 10.309 ; 10.309 ; 10.309 ;
; SW[8]      ; HEX1[4]     ; 10.329 ; 10.329 ; 10.329 ; 10.329 ;
; SW[8]      ; HEX1[5]     ; 10.025 ; 10.025 ; 10.025 ; 10.025 ;
; SW[8]      ; LEDG[0]     ; 7.807  ; 7.807  ; 7.807  ; 7.807  ;
; SW[8]      ; LEDG[1]     ; 8.500  ; 8.500  ; 8.500  ; 8.500  ;
; SW[8]      ; LEDG[2]     ; 8.487  ; 8.487  ; 8.487  ; 8.487  ;
; SW[8]      ; LEDG[3]     ; 8.894  ; 8.894  ; 8.894  ; 8.894  ;
; SW[8]      ; LEDG[4]     ; 8.939  ;        ;        ; 8.939  ;
; SW[8]      ; LEDR[8]     ; 6.914  ;        ;        ; 6.914  ;
+------------+-------------+--------+--------+--------+--------+


+--------------------------------------------------------------+
; Minimum Propagation Delay                                    ;
+------------+-------------+--------+--------+--------+--------+
; Input Port ; Output Port ; RR     ; RF     ; FR     ; FF     ;
+------------+-------------+--------+--------+--------+--------+
; SW[0]      ; HEX0[0]     ; 8.686  ; 8.686  ; 8.686  ; 8.686  ;
; SW[0]      ; HEX0[1]     ; 8.648  ; 8.648  ; 8.648  ; 8.648  ;
; SW[0]      ; HEX0[2]     ; 8.613  ; 8.613  ; 8.613  ; 8.613  ;
; SW[0]      ; HEX0[3]     ; 8.427  ; 8.427  ; 8.427  ; 8.427  ;
; SW[0]      ; HEX0[4]     ; 8.382  ; 8.382  ; 8.382  ; 8.382  ;
; SW[0]      ; HEX0[5]     ; 8.422  ; 8.422  ; 8.422  ; 8.422  ;
; SW[0]      ; HEX0[6]     ; 8.411  ; 8.411  ; 8.411  ; 8.411  ;
; SW[0]      ; HEX1[0]     ; 8.505  ; 8.505  ; 8.505  ; 8.505  ;
; SW[0]      ; HEX1[3]     ; 8.322  ; 8.322  ; 8.322  ; 8.322  ;
; SW[0]      ; HEX1[4]     ; 8.342  ; 8.342  ; 8.342  ; 8.342  ;
; SW[0]      ; HEX1[5]     ; 8.038  ; 8.038  ; 8.038  ; 8.038  ;
; SW[0]      ; LEDG[0]     ; 6.536  ; 6.536  ; 6.536  ; 6.536  ;
; SW[0]      ; LEDG[1]     ; 7.233  ; 7.233  ; 7.233  ; 7.233  ;
; SW[0]      ; LEDG[2]     ; 7.220  ; 7.220  ; 7.220  ; 7.220  ;
; SW[0]      ; LEDG[3]     ; 7.627  ; 7.627  ; 7.627  ; 7.627  ;
; SW[0]      ; LEDG[4]     ; 7.672  ;        ;        ; 7.672  ;
; SW[0]      ; LEDR[0]     ; 5.179  ;        ;        ; 5.179  ;
; SW[1]      ; HEX0[0]     ; 8.915  ; 8.915  ; 8.915  ; 8.915  ;
; SW[1]      ; HEX0[1]     ; 8.876  ; 8.876  ; 8.876  ; 8.876  ;
; SW[1]      ; HEX0[2]     ; 8.891  ; 8.891  ; 8.891  ; 8.891  ;
; SW[1]      ; HEX0[3]     ; 8.661  ; 8.661  ; 8.661  ; 8.661  ;
; SW[1]      ; HEX0[4]     ; 8.658  ; 8.658  ; 8.658  ; 8.658  ;
; SW[1]      ; HEX0[5]     ; 8.654  ; 8.654  ; 8.654  ; 8.654  ;
; SW[1]      ; HEX0[6]     ; 8.647  ; 8.647  ; 8.647  ; 8.647  ;
; SW[1]      ; HEX1[0]     ; 7.581  ; 7.581  ; 7.581  ; 7.581  ;
; SW[1]      ; HEX1[3]     ; 7.398  ; 7.398  ; 7.398  ; 7.398  ;
; SW[1]      ; HEX1[4]     ; 7.418  ; 7.418  ; 7.418  ; 7.418  ;
; SW[1]      ; HEX1[5]     ; 7.114  ; 7.114  ; 7.114  ; 7.114  ;
; SW[1]      ; LEDG[1]     ; 6.309  ; 6.309  ; 6.309  ; 6.309  ;
; SW[1]      ; LEDG[2]     ; 6.291  ; 6.291  ; 6.291  ; 6.291  ;
; SW[1]      ; LEDG[3]     ; 6.698  ; 6.698  ; 6.698  ; 6.698  ;
; SW[1]      ; LEDG[4]     ; 6.743  ;        ;        ; 6.743  ;
; SW[1]      ; LEDG[8]     ; 8.235  ;        ;        ; 8.235  ;
; SW[1]      ; LEDR[1]     ; 5.870  ;        ;        ; 5.870  ;
; SW[2]      ; HEX0[0]     ; 9.458  ; 9.458  ; 9.458  ; 9.458  ;
; SW[2]      ; HEX0[1]     ; 9.419  ; 9.419  ; 9.419  ; 9.419  ;
; SW[2]      ; HEX0[2]     ; 9.434  ; 9.434  ; 9.434  ; 9.434  ;
; SW[2]      ; HEX0[3]     ; 9.204  ; 9.204  ; 9.204  ; 9.204  ;
; SW[2]      ; HEX0[4]     ; 9.201  ; 9.201  ; 9.201  ; 9.201  ;
; SW[2]      ; HEX0[5]     ; 9.197  ; 9.197  ; 9.197  ; 9.197  ;
; SW[2]      ; HEX0[6]     ; 9.190  ; 9.190  ; 9.190  ; 9.190  ;
; SW[2]      ; HEX1[0]     ; 8.121  ; 8.121  ; 8.121  ; 8.121  ;
; SW[2]      ; HEX1[3]     ; 7.938  ; 7.938  ; 7.938  ; 7.938  ;
; SW[2]      ; HEX1[4]     ; 7.958  ; 7.958  ; 7.958  ; 7.958  ;
; SW[2]      ; HEX1[5]     ; 7.654  ; 7.654  ; 7.654  ; 7.654  ;
; SW[2]      ; LEDG[2]     ; 6.698  ; 6.698  ; 6.698  ; 6.698  ;
; SW[2]      ; LEDG[3]     ; 6.867  ; 6.867  ; 6.867  ; 6.867  ;
; SW[2]      ; LEDG[4]     ; 6.908  ;        ;        ; 6.908  ;
; SW[2]      ; LEDG[8]     ; 8.004  ;        ;        ; 8.004  ;
; SW[2]      ; LEDR[2]     ; 5.629  ;        ;        ; 5.629  ;
; SW[3]      ; HEX0[0]     ; 9.899  ; 9.899  ; 9.899  ; 9.899  ;
; SW[3]      ; HEX0[1]     ; 9.860  ; 9.860  ; 9.860  ; 9.860  ;
; SW[3]      ; HEX0[2]     ; 9.875  ; 9.875  ; 9.875  ; 9.875  ;
; SW[3]      ; HEX0[3]     ; 9.645  ; 9.645  ; 9.645  ; 9.645  ;
; SW[3]      ; HEX0[4]     ; 9.642  ; 9.642  ; 9.642  ; 9.642  ;
; SW[3]      ; HEX0[5]     ; 9.638  ; 9.638  ; 9.638  ; 9.638  ;
; SW[3]      ; HEX0[6]     ; 9.631  ; 9.631  ; 9.631  ; 9.631  ;
; SW[3]      ; HEX1[0]     ; 8.566  ; 8.593  ; 8.593  ; 8.566  ;
; SW[3]      ; HEX1[3]     ; 8.383  ; 8.410  ; 8.410  ; 8.383  ;
; SW[3]      ; HEX1[4]     ; 8.403  ; 8.430  ; 8.430  ; 8.403  ;
; SW[3]      ; HEX1[5]     ; 8.099  ; 8.126  ; 8.126  ; 8.099  ;
; SW[3]      ; LEDG[3]     ; 6.995  ; 6.995  ; 6.995  ; 6.995  ;
; SW[3]      ; LEDG[4]     ; 7.040  ;        ;        ; 7.040  ;
; SW[3]      ; LEDG[8]     ; 8.673  ;        ;        ; 8.673  ;
; SW[3]      ; LEDR[3]     ; 5.791  ;        ;        ; 5.791  ;
; SW[4]      ; HEX0[0]     ; 8.353  ; 8.353  ; 8.353  ; 8.353  ;
; SW[4]      ; HEX0[1]     ; 8.315  ; 8.315  ; 8.315  ; 8.315  ;
; SW[4]      ; HEX0[2]     ; 8.280  ; 8.280  ; 8.280  ; 8.280  ;
; SW[4]      ; HEX0[3]     ; 8.094  ; 8.094  ; 8.094  ; 8.094  ;
; SW[4]      ; HEX0[4]     ; 8.049  ; 8.049  ; 8.049  ; 8.049  ;
; SW[4]      ; HEX0[5]     ; 8.089  ; 8.089  ; 8.089  ; 8.089  ;
; SW[4]      ; HEX0[6]     ; 8.078  ; 8.078  ; 8.078  ; 8.078  ;
; SW[4]      ; HEX1[0]     ; 8.172  ; 8.172  ; 8.172  ; 8.172  ;
; SW[4]      ; HEX1[3]     ; 7.989  ; 7.989  ; 7.989  ; 7.989  ;
; SW[4]      ; HEX1[4]     ; 8.009  ; 8.009  ; 8.009  ; 8.009  ;
; SW[4]      ; HEX1[5]     ; 7.705  ; 7.705  ; 7.705  ; 7.705  ;
; SW[4]      ; LEDG[0]     ; 6.203  ; 6.203  ; 6.203  ; 6.203  ;
; SW[4]      ; LEDG[1]     ; 6.900  ; 6.900  ; 6.900  ; 6.900  ;
; SW[4]      ; LEDG[2]     ; 6.887  ; 6.887  ; 6.887  ; 6.887  ;
; SW[4]      ; LEDG[3]     ; 7.294  ; 7.294  ; 7.294  ; 7.294  ;
; SW[4]      ; LEDG[4]     ; 7.339  ;        ;        ; 7.339  ;
; SW[4]      ; LEDR[4]     ; 5.286  ;        ;        ; 5.286  ;
; SW[5]      ; HEX0[0]     ; 8.964  ; 8.964  ; 8.964  ; 8.964  ;
; SW[5]      ; HEX0[1]     ; 8.925  ; 8.925  ; 8.925  ; 8.925  ;
; SW[5]      ; HEX0[2]     ; 8.940  ; 8.940  ; 8.940  ; 8.940  ;
; SW[5]      ; HEX0[3]     ; 8.710  ; 8.710  ; 8.710  ; 8.710  ;
; SW[5]      ; HEX0[4]     ; 8.707  ; 8.707  ; 8.707  ; 8.707  ;
; SW[5]      ; HEX0[5]     ; 8.703  ; 8.703  ; 8.703  ; 8.703  ;
; SW[5]      ; HEX0[6]     ; 8.696  ; 8.696  ; 8.696  ; 8.696  ;
; SW[5]      ; HEX1[0]     ; 7.630  ; 7.630  ; 7.630  ; 7.630  ;
; SW[5]      ; HEX1[3]     ; 7.447  ; 7.447  ; 7.447  ; 7.447  ;
; SW[5]      ; HEX1[4]     ; 7.467  ; 7.467  ; 7.467  ; 7.467  ;
; SW[5]      ; HEX1[5]     ; 7.163  ; 7.163  ; 7.163  ; 7.163  ;
; SW[5]      ; LEDG[1]     ; 6.358  ; 6.358  ; 6.358  ; 6.358  ;
; SW[5]      ; LEDG[2]     ; 6.335  ; 6.335  ; 6.335  ; 6.335  ;
; SW[5]      ; LEDG[3]     ; 6.819  ; 6.819  ; 6.819  ; 6.819  ;
; SW[5]      ; LEDG[4]     ; 6.864  ;        ;        ; 6.864  ;
; SW[5]      ; LEDG[8]     ; 7.496  ;        ;        ; 7.496  ;
; SW[5]      ; LEDR[5]     ; 5.706  ;        ;        ; 5.706  ;
; SW[6]      ; HEX0[0]     ; 9.740  ; 9.740  ; 9.740  ; 9.740  ;
; SW[6]      ; HEX0[1]     ; 9.701  ; 9.701  ; 9.701  ; 9.701  ;
; SW[6]      ; HEX0[2]     ; 9.716  ; 9.716  ; 9.716  ; 9.716  ;
; SW[6]      ; HEX0[3]     ; 9.486  ; 9.486  ; 9.486  ; 9.486  ;
; SW[6]      ; HEX0[4]     ; 9.483  ; 9.483  ; 9.483  ; 9.483  ;
; SW[6]      ; HEX0[5]     ; 9.479  ; 9.479  ; 9.479  ; 9.479  ;
; SW[6]      ; HEX0[6]     ; 9.472  ; 9.472  ; 9.472  ; 9.472  ;
; SW[6]      ; HEX1[0]     ; 8.403  ; 8.403  ; 8.403  ; 8.403  ;
; SW[6]      ; HEX1[3]     ; 8.220  ; 8.220  ; 8.220  ; 8.220  ;
; SW[6]      ; HEX1[4]     ; 8.240  ; 8.240  ; 8.240  ; 8.240  ;
; SW[6]      ; HEX1[5]     ; 7.936  ; 7.936  ; 7.936  ; 7.936  ;
; SW[6]      ; LEDG[2]     ; 6.980  ; 6.980  ; 6.980  ; 6.980  ;
; SW[6]      ; LEDG[3]     ; 7.148  ; 7.148  ; 7.148  ; 7.148  ;
; SW[6]      ; LEDG[4]     ; 7.189  ;        ;        ; 7.189  ;
; SW[6]      ; LEDG[8]     ; 7.323  ;        ;        ; 7.323  ;
; SW[6]      ; LEDR[6]     ; 5.347  ;        ;        ; 5.347  ;
; SW[7]      ; HEX0[0]     ; 10.731 ; 10.731 ; 10.731 ; 10.731 ;
; SW[7]      ; HEX0[1]     ; 10.692 ; 10.692 ; 10.692 ; 10.692 ;
; SW[7]      ; HEX0[2]     ; 10.707 ; 10.707 ; 10.707 ; 10.707 ;
; SW[7]      ; HEX0[3]     ; 10.477 ; 10.477 ; 10.477 ; 10.477 ;
; SW[7]      ; HEX0[4]     ; 10.474 ; 10.474 ; 10.474 ; 10.474 ;
; SW[7]      ; HEX0[5]     ; 10.470 ; 10.470 ; 10.470 ; 10.470 ;
; SW[7]      ; HEX0[6]     ; 10.463 ; 10.463 ; 10.463 ; 10.463 ;
; SW[7]      ; HEX1[0]     ; 9.400  ; 9.425  ; 9.425  ; 9.400  ;
; SW[7]      ; HEX1[3]     ; 9.217  ; 9.242  ; 9.242  ; 9.217  ;
; SW[7]      ; HEX1[4]     ; 9.237  ; 9.262  ; 9.262  ; 9.237  ;
; SW[7]      ; HEX1[5]     ; 8.933  ; 8.958  ; 8.958  ; 8.933  ;
; SW[7]      ; LEDG[3]     ; 7.827  ; 7.827  ; 7.827  ; 7.827  ;
; SW[7]      ; LEDG[4]     ; 7.874  ;        ;        ; 7.874  ;
; SW[7]      ; LEDG[8]     ; 8.987  ;        ;        ; 8.987  ;
; SW[7]      ; LEDR[7]     ; 6.284  ;        ;        ; 6.284  ;
; SW[8]      ; HEX0[0]     ; 9.957  ; 9.957  ; 9.957  ; 9.957  ;
; SW[8]      ; HEX0[1]     ; 9.919  ; 9.919  ; 9.919  ; 9.919  ;
; SW[8]      ; HEX0[2]     ; 9.884  ; 9.884  ; 9.884  ; 9.884  ;
; SW[8]      ; HEX0[3]     ; 9.698  ; 9.698  ; 9.698  ; 9.698  ;
; SW[8]      ; HEX0[4]     ; 9.653  ; 9.653  ; 9.653  ; 9.653  ;
; SW[8]      ; HEX0[5]     ; 9.693  ; 9.693  ; 9.693  ; 9.693  ;
; SW[8]      ; HEX0[6]     ; 9.682  ; 9.682  ; 9.682  ; 9.682  ;
; SW[8]      ; HEX1[0]     ; 9.772  ; 9.772  ; 9.772  ; 9.772  ;
; SW[8]      ; HEX1[3]     ; 9.589  ; 9.589  ; 9.589  ; 9.589  ;
; SW[8]      ; HEX1[4]     ; 9.609  ; 9.609  ; 9.609  ; 9.609  ;
; SW[8]      ; HEX1[5]     ; 9.305  ; 9.305  ; 9.305  ; 9.305  ;
; SW[8]      ; LEDG[0]     ; 7.807  ; 7.807  ; 7.807  ; 7.807  ;
; SW[8]      ; LEDG[1]     ; 8.500  ; 8.500  ; 8.500  ; 8.500  ;
; SW[8]      ; LEDG[2]     ; 8.487  ; 8.487  ; 8.487  ; 8.487  ;
; SW[8]      ; LEDG[3]     ; 8.894  ; 8.894  ; 8.894  ; 8.894  ;
; SW[8]      ; LEDG[4]     ; 8.939  ;        ;        ; 8.939  ;
; SW[8]      ; LEDR[8]     ; 6.914  ;        ;        ; 6.914  ;
+------------+-------------+--------+--------+--------+--------+


----------------------------
; Fast Model Setup Summary ;
----------------------------
No paths to report.


---------------------------
; Fast Model Hold Summary ;
---------------------------
No paths to report.


-------------------------------
; Fast Model Recovery Summary ;
-------------------------------
No paths to report.


------------------------------
; Fast Model Removal Summary ;
------------------------------
No paths to report.


------------------------------------------
; Fast Model Minimum Pulse Width Summary ;
------------------------------------------
No paths to report.


+----------------------------------------------------------+
; Propagation Delay                                        ;
+------------+-------------+-------+-------+-------+-------+
; Input Port ; Output Port ; RR    ; RF    ; FR    ; FF    ;
+------------+-------------+-------+-------+-------+-------+
; SW[0]      ; HEX0[0]     ; 5.599 ; 5.599 ; 5.599 ; 5.599 ;
; SW[0]      ; HEX0[1]     ; 5.569 ; 5.569 ; 5.569 ; 5.569 ;
; SW[0]      ; HEX0[2]     ; 5.586 ; 5.586 ; 5.586 ; 5.586 ;
; SW[0]      ; HEX0[3]     ; 5.482 ; 5.482 ; 5.482 ; 5.482 ;
; SW[0]      ; HEX0[4]     ; 5.480 ; 5.480 ; 5.480 ; 5.480 ;
; SW[0]      ; HEX0[5]     ; 5.468 ; 5.468 ; 5.468 ; 5.468 ;
; SW[0]      ; HEX0[6]     ; 5.476 ; 5.476 ; 5.476 ; 5.476 ;
; SW[0]      ; HEX1[0]     ; 4.588 ; 4.588 ; 4.588 ; 4.588 ;
; SW[0]      ; HEX1[3]     ; 4.445 ; 4.445 ; 4.445 ; 4.445 ;
; SW[0]      ; HEX1[4]     ; 4.465 ; 4.465 ; 4.465 ; 4.465 ;
; SW[0]      ; HEX1[5]     ; 4.324 ; 4.324 ; 4.324 ; 4.324 ;
; SW[0]      ; LEDG[0]     ; 3.417 ; 3.417 ; 3.417 ; 3.417 ;
; SW[0]      ; LEDG[1]     ; 3.719 ; 3.719 ; 3.719 ; 3.719 ;
; SW[0]      ; LEDG[2]     ; 3.703 ; 3.703 ; 3.703 ; 3.703 ;
; SW[0]      ; LEDG[3]     ; 3.878 ; 3.878 ; 3.878 ; 3.878 ;
; SW[0]      ; LEDG[4]     ; 3.921 ;       ;       ; 3.921 ;
; SW[0]      ; LEDR[0]     ; 2.832 ;       ;       ; 2.832 ;
; SW[1]      ; HEX0[0]     ; 5.205 ; 5.205 ; 5.205 ; 5.205 ;
; SW[1]      ; HEX0[1]     ; 5.175 ; 5.175 ; 5.175 ; 5.175 ;
; SW[1]      ; HEX0[2]     ; 5.192 ; 5.192 ; 5.192 ; 5.192 ;
; SW[1]      ; HEX0[3]     ; 5.088 ; 5.088 ; 5.088 ; 5.088 ;
; SW[1]      ; HEX0[4]     ; 5.086 ; 5.086 ; 5.086 ; 5.086 ;
; SW[1]      ; HEX0[5]     ; 5.074 ; 5.074 ; 5.074 ; 5.074 ;
; SW[1]      ; HEX0[6]     ; 5.082 ; 5.082 ; 5.082 ; 5.082 ;
; SW[1]      ; HEX1[0]     ; 4.194 ; 4.194 ; 4.194 ; 4.194 ;
; SW[1]      ; HEX1[3]     ; 4.051 ; 4.051 ; 4.051 ; 4.051 ;
; SW[1]      ; HEX1[4]     ; 4.071 ; 4.071 ; 4.071 ; 4.071 ;
; SW[1]      ; HEX1[5]     ; 3.930 ; 3.930 ; 3.930 ; 3.930 ;
; SW[1]      ; LEDG[1]     ; 3.330 ; 3.330 ; 3.330 ; 3.330 ;
; SW[1]      ; LEDG[2]     ; 3.312 ; 3.312 ; 3.312 ; 3.312 ;
; SW[1]      ; LEDG[3]     ; 3.484 ; 3.484 ; 3.484 ; 3.484 ;
; SW[1]      ; LEDG[4]     ; 3.527 ;       ;       ; 3.527 ;
; SW[1]      ; LEDG[8]     ; 4.212 ;       ;       ; 4.212 ;
; SW[1]      ; LEDR[1]     ; 3.162 ;       ;       ; 3.162 ;
; SW[2]      ; HEX0[0]     ; 5.427 ; 5.427 ; 5.427 ; 5.427 ;
; SW[2]      ; HEX0[1]     ; 5.397 ; 5.397 ; 5.397 ; 5.397 ;
; SW[2]      ; HEX0[2]     ; 5.414 ; 5.414 ; 5.414 ; 5.414 ;
; SW[2]      ; HEX0[3]     ; 5.310 ; 5.310 ; 5.310 ; 5.310 ;
; SW[2]      ; HEX0[4]     ; 5.308 ; 5.308 ; 5.308 ; 5.308 ;
; SW[2]      ; HEX0[5]     ; 5.296 ; 5.296 ; 5.296 ; 5.296 ;
; SW[2]      ; HEX0[6]     ; 5.304 ; 5.304 ; 5.304 ; 5.304 ;
; SW[2]      ; HEX1[0]     ; 4.416 ; 4.416 ; 4.416 ; 4.416 ;
; SW[2]      ; HEX1[3]     ; 4.273 ; 4.273 ; 4.273 ; 4.273 ;
; SW[2]      ; HEX1[4]     ; 4.293 ; 4.293 ; 4.293 ; 4.293 ;
; SW[2]      ; HEX1[5]     ; 4.152 ; 4.152 ; 4.152 ; 4.152 ;
; SW[2]      ; LEDG[2]     ; 3.452 ; 3.452 ; 3.452 ; 3.452 ;
; SW[2]      ; LEDG[3]     ; 3.706 ; 3.706 ; 3.706 ; 3.706 ;
; SW[2]      ; LEDG[4]     ; 3.749 ;       ;       ; 3.749 ;
; SW[2]      ; LEDG[8]     ; 4.091 ;       ;       ; 4.091 ;
; SW[2]      ; LEDR[2]     ; 3.011 ;       ;       ; 3.011 ;
; SW[3]      ; HEX0[0]     ; 5.332 ; 5.332 ; 5.332 ; 5.332 ;
; SW[3]      ; HEX0[1]     ; 5.302 ; 5.302 ; 5.302 ; 5.302 ;
; SW[3]      ; HEX0[2]     ; 5.319 ; 5.319 ; 5.319 ; 5.319 ;
; SW[3]      ; HEX0[3]     ; 5.215 ; 5.215 ; 5.215 ; 5.215 ;
; SW[3]      ; HEX0[4]     ; 5.213 ; 5.213 ; 5.213 ; 5.213 ;
; SW[3]      ; HEX0[5]     ; 5.201 ; 5.201 ; 5.201 ; 5.201 ;
; SW[3]      ; HEX0[6]     ; 5.209 ; 5.209 ; 5.209 ; 5.209 ;
; SW[3]      ; HEX1[0]     ; 4.317 ; 4.317 ; 4.317 ; 4.317 ;
; SW[3]      ; HEX1[3]     ; 4.174 ; 4.174 ; 4.174 ; 4.174 ;
; SW[3]      ; HEX1[4]     ; 4.194 ; 4.194 ; 4.194 ; 4.194 ;
; SW[3]      ; HEX1[5]     ; 4.053 ; 4.053 ; 4.053 ; 4.053 ;
; SW[3]      ; LEDG[3]     ; 3.607 ; 3.607 ; 3.607 ; 3.607 ;
; SW[3]      ; LEDG[4]     ; 3.654 ;       ;       ; 3.654 ;
; SW[3]      ; LEDG[8]     ; 4.417 ;       ;       ; 4.417 ;
; SW[3]      ; LEDR[3]     ; 3.094 ;       ;       ; 3.094 ;
; SW[4]      ; HEX0[0]     ; 5.411 ; 5.411 ; 5.411 ; 5.411 ;
; SW[4]      ; HEX0[1]     ; 5.381 ; 5.381 ; 5.381 ; 5.381 ;
; SW[4]      ; HEX0[2]     ; 5.398 ; 5.398 ; 5.398 ; 5.398 ;
; SW[4]      ; HEX0[3]     ; 5.294 ; 5.294 ; 5.294 ; 5.294 ;
; SW[4]      ; HEX0[4]     ; 5.292 ; 5.292 ; 5.292 ; 5.292 ;
; SW[4]      ; HEX0[5]     ; 5.280 ; 5.280 ; 5.280 ; 5.280 ;
; SW[4]      ; HEX0[6]     ; 5.288 ; 5.288 ; 5.288 ; 5.288 ;
; SW[4]      ; HEX1[0]     ; 4.400 ; 4.400 ; 4.400 ; 4.400 ;
; SW[4]      ; HEX1[3]     ; 4.257 ; 4.257 ; 4.257 ; 4.257 ;
; SW[4]      ; HEX1[4]     ; 4.277 ; 4.277 ; 4.277 ; 4.277 ;
; SW[4]      ; HEX1[5]     ; 4.136 ; 4.136 ; 4.136 ; 4.136 ;
; SW[4]      ; LEDG[0]     ; 3.232 ; 3.232 ; 3.232 ; 3.232 ;
; SW[4]      ; LEDG[1]     ; 3.531 ; 3.531 ; 3.531 ; 3.531 ;
; SW[4]      ; LEDG[2]     ; 3.515 ; 3.515 ; 3.515 ; 3.515 ;
; SW[4]      ; LEDG[3]     ; 3.690 ; 3.690 ; 3.690 ; 3.690 ;
; SW[4]      ; LEDG[4]     ; 3.733 ;       ;       ; 3.733 ;
; SW[4]      ; LEDR[4]     ; 2.847 ;       ;       ; 2.847 ;
; SW[5]      ; HEX0[0]     ; 5.231 ; 5.231 ; 5.231 ; 5.231 ;
; SW[5]      ; HEX0[1]     ; 5.201 ; 5.201 ; 5.201 ; 5.201 ;
; SW[5]      ; HEX0[2]     ; 5.218 ; 5.218 ; 5.218 ; 5.218 ;
; SW[5]      ; HEX0[3]     ; 5.114 ; 5.114 ; 5.114 ; 5.114 ;
; SW[5]      ; HEX0[4]     ; 5.112 ; 5.112 ; 5.112 ; 5.112 ;
; SW[5]      ; HEX0[5]     ; 5.100 ; 5.100 ; 5.100 ; 5.100 ;
; SW[5]      ; HEX0[6]     ; 5.108 ; 5.108 ; 5.108 ; 5.108 ;
; SW[5]      ; HEX1[0]     ; 4.220 ; 4.220 ; 4.220 ; 4.220 ;
; SW[5]      ; HEX1[3]     ; 4.077 ; 4.077 ; 4.077 ; 4.077 ;
; SW[5]      ; HEX1[4]     ; 4.097 ; 4.097 ; 4.097 ; 4.097 ;
; SW[5]      ; HEX1[5]     ; 3.956 ; 3.956 ; 3.956 ; 3.956 ;
; SW[5]      ; LEDG[1]     ; 3.335 ; 3.335 ; 3.335 ; 3.335 ;
; SW[5]      ; LEDG[2]     ; 3.313 ; 3.313 ; 3.313 ; 3.313 ;
; SW[5]      ; LEDG[3]     ; 3.510 ; 3.510 ; 3.510 ; 3.510 ;
; SW[5]      ; LEDG[4]     ; 3.553 ;       ;       ; 3.553 ;
; SW[5]      ; LEDG[8]     ; 3.869 ;       ;       ; 3.869 ;
; SW[5]      ; LEDR[5]     ; 3.062 ;       ;       ; 3.062 ;
; SW[6]      ; HEX0[0]     ; 5.526 ; 5.526 ; 5.526 ; 5.526 ;
; SW[6]      ; HEX0[1]     ; 5.496 ; 5.496 ; 5.496 ; 5.496 ;
; SW[6]      ; HEX0[2]     ; 5.513 ; 5.513 ; 5.513 ; 5.513 ;
; SW[6]      ; HEX0[3]     ; 5.409 ; 5.409 ; 5.409 ; 5.409 ;
; SW[6]      ; HEX0[4]     ; 5.407 ; 5.407 ; 5.407 ; 5.407 ;
; SW[6]      ; HEX0[5]     ; 5.395 ; 5.395 ; 5.395 ; 5.395 ;
; SW[6]      ; HEX0[6]     ; 5.403 ; 5.403 ; 5.403 ; 5.403 ;
; SW[6]      ; HEX1[0]     ; 4.515 ; 4.515 ; 4.515 ; 4.515 ;
; SW[6]      ; HEX1[3]     ; 4.372 ; 4.372 ; 4.372 ; 4.372 ;
; SW[6]      ; HEX1[4]     ; 4.392 ; 4.392 ; 4.392 ; 4.392 ;
; SW[6]      ; HEX1[5]     ; 4.251 ; 4.251 ; 4.251 ; 4.251 ;
; SW[6]      ; LEDG[2]     ; 3.551 ; 3.551 ; 3.551 ; 3.551 ;
; SW[6]      ; LEDG[3]     ; 3.805 ; 3.805 ; 3.805 ; 3.805 ;
; SW[6]      ; LEDG[4]     ; 3.848 ;       ;       ; 3.848 ;
; SW[6]      ; LEDG[8]     ; 3.763 ;       ;       ; 3.763 ;
; SW[6]      ; LEDR[6]     ; 2.874 ;       ;       ; 2.874 ;
; SW[7]      ; HEX0[0]     ; 5.812 ; 5.812 ; 5.812 ; 5.812 ;
; SW[7]      ; HEX0[1]     ; 5.782 ; 5.782 ; 5.782 ; 5.782 ;
; SW[7]      ; HEX0[2]     ; 5.799 ; 5.799 ; 5.799 ; 5.799 ;
; SW[7]      ; HEX0[3]     ; 5.695 ; 5.695 ; 5.695 ; 5.695 ;
; SW[7]      ; HEX0[4]     ; 5.693 ; 5.693 ; 5.693 ; 5.693 ;
; SW[7]      ; HEX0[5]     ; 5.681 ; 5.681 ; 5.681 ; 5.681 ;
; SW[7]      ; HEX0[6]     ; 5.689 ; 5.689 ; 5.689 ; 5.689 ;
; SW[7]      ; HEX1[0]     ; 4.800 ; 4.800 ; 4.800 ; 4.800 ;
; SW[7]      ; HEX1[3]     ; 4.657 ; 4.657 ; 4.657 ; 4.657 ;
; SW[7]      ; HEX1[4]     ; 4.677 ; 4.677 ; 4.677 ; 4.677 ;
; SW[7]      ; HEX1[5]     ; 4.536 ; 4.536 ; 4.536 ; 4.536 ;
; SW[7]      ; LEDG[3]     ; 4.090 ; 4.090 ; 4.090 ; 4.090 ;
; SW[7]      ; LEDG[4]     ; 4.134 ;       ;       ; 4.134 ;
; SW[7]      ; LEDG[8]     ; 4.643 ;       ;       ; 4.643 ;
; SW[7]      ; LEDR[7]     ; 3.434 ;       ;       ; 3.434 ;
; SW[8]      ; HEX0[0]     ; 6.383 ; 6.383 ; 6.383 ; 6.383 ;
; SW[8]      ; HEX0[1]     ; 6.353 ; 6.353 ; 6.353 ; 6.353 ;
; SW[8]      ; HEX0[2]     ; 6.370 ; 6.370 ; 6.370 ; 6.370 ;
; SW[8]      ; HEX0[3]     ; 6.266 ; 6.266 ; 6.266 ; 6.266 ;
; SW[8]      ; HEX0[4]     ; 6.264 ; 6.264 ; 6.264 ; 6.264 ;
; SW[8]      ; HEX0[5]     ; 6.252 ; 6.252 ; 6.252 ; 6.252 ;
; SW[8]      ; HEX0[6]     ; 6.260 ; 6.260 ; 6.260 ; 6.260 ;
; SW[8]      ; HEX1[0]     ; 5.372 ; 5.372 ; 5.372 ; 5.372 ;
; SW[8]      ; HEX1[3]     ; 5.229 ; 5.229 ; 5.229 ; 5.229 ;
; SW[8]      ; HEX1[4]     ; 5.249 ; 5.249 ; 5.249 ; 5.249 ;
; SW[8]      ; HEX1[5]     ; 5.108 ; 5.108 ; 5.108 ; 5.108 ;
; SW[8]      ; LEDG[0]     ; 4.206 ; 4.206 ; 4.206 ; 4.206 ;
; SW[8]      ; LEDG[1]     ; 4.503 ; 4.503 ; 4.503 ; 4.503 ;
; SW[8]      ; LEDG[2]     ; 4.487 ; 4.487 ; 4.487 ; 4.487 ;
; SW[8]      ; LEDG[3]     ; 4.662 ; 4.662 ; 4.662 ; 4.662 ;
; SW[8]      ; LEDG[4]     ; 4.705 ;       ;       ; 4.705 ;
; SW[8]      ; LEDR[8]     ; 3.770 ;       ;       ; 3.770 ;
+------------+-------------+-------+-------+-------+-------+


+----------------------------------------------------------+
; Minimum Propagation Delay                                ;
+------------+-------------+-------+-------+-------+-------+
; Input Port ; Output Port ; RR    ; RF    ; FR    ; FF    ;
+------------+-------------+-------+-------+-------+-------+
; SW[0]      ; HEX0[0]     ; 4.428 ; 4.428 ; 4.428 ; 4.428 ;
; SW[0]      ; HEX0[1]     ; 4.392 ; 4.392 ; 4.392 ; 4.392 ;
; SW[0]      ; HEX0[2]     ; 4.404 ; 4.404 ; 4.404 ; 4.404 ;
; SW[0]      ; HEX0[3]     ; 4.307 ; 4.307 ; 4.307 ; 4.307 ;
; SW[0]      ; HEX0[4]     ; 4.297 ; 4.297 ; 4.297 ; 4.297 ;
; SW[0]      ; HEX0[5]     ; 4.301 ; 4.301 ; 4.301 ; 4.301 ;
; SW[0]      ; HEX0[6]     ; 4.291 ; 4.291 ; 4.291 ; 4.291 ;
; SW[0]      ; HEX1[0]     ; 4.283 ; 4.283 ; 4.283 ; 4.283 ;
; SW[0]      ; HEX1[3]     ; 4.140 ; 4.140 ; 4.140 ; 4.140 ;
; SW[0]      ; HEX1[4]     ; 4.160 ; 4.160 ; 4.160 ; 4.160 ;
; SW[0]      ; HEX1[5]     ; 4.019 ; 4.019 ; 4.019 ; 4.019 ;
; SW[0]      ; LEDG[0]     ; 3.417 ; 3.417 ; 3.417 ; 3.417 ;
; SW[0]      ; LEDG[1]     ; 3.719 ; 3.719 ; 3.719 ; 3.719 ;
; SW[0]      ; LEDG[2]     ; 3.703 ; 3.703 ; 3.703 ; 3.703 ;
; SW[0]      ; LEDG[3]     ; 3.878 ; 3.878 ; 3.878 ; 3.878 ;
; SW[0]      ; LEDG[4]     ; 3.921 ;       ;       ; 3.921 ;
; SW[0]      ; LEDR[0]     ; 2.832 ;       ;       ; 2.832 ;
; SW[1]      ; HEX0[0]     ; 4.531 ; 4.531 ; 4.531 ; 4.531 ;
; SW[1]      ; HEX0[1]     ; 4.497 ; 4.497 ; 4.497 ; 4.497 ;
; SW[1]      ; HEX0[2]     ; 4.508 ; 4.508 ; 4.508 ; 4.508 ;
; SW[1]      ; HEX0[3]     ; 4.406 ; 4.406 ; 4.406 ; 4.406 ;
; SW[1]      ; HEX0[4]     ; 4.403 ; 4.403 ; 4.403 ; 4.403 ;
; SW[1]      ; HEX0[5]     ; 4.401 ; 4.401 ; 4.401 ; 4.401 ;
; SW[1]      ; HEX0[6]     ; 4.394 ; 4.394 ; 4.394 ; 4.394 ;
; SW[1]      ; HEX1[0]     ; 3.894 ; 3.894 ; 3.894 ; 3.894 ;
; SW[1]      ; HEX1[3]     ; 3.751 ; 3.751 ; 3.751 ; 3.751 ;
; SW[1]      ; HEX1[4]     ; 3.771 ; 3.771 ; 3.771 ; 3.771 ;
; SW[1]      ; HEX1[5]     ; 3.630 ; 3.630 ; 3.630 ; 3.630 ;
; SW[1]      ; LEDG[1]     ; 3.330 ; 3.330 ; 3.330 ; 3.330 ;
; SW[1]      ; LEDG[2]     ; 3.312 ; 3.312 ; 3.312 ; 3.312 ;
; SW[1]      ; LEDG[3]     ; 3.484 ; 3.484 ; 3.484 ; 3.484 ;
; SW[1]      ; LEDG[4]     ; 3.527 ;       ;       ; 3.527 ;
; SW[1]      ; LEDG[8]     ; 4.212 ;       ;       ; 4.212 ;
; SW[1]      ; LEDR[1]     ; 3.162 ;       ;       ; 3.162 ;
; SW[2]      ; HEX0[0]     ; 4.732 ; 4.732 ; 4.732 ; 4.732 ;
; SW[2]      ; HEX0[1]     ; 4.698 ; 4.698 ; 4.698 ; 4.698 ;
; SW[2]      ; HEX0[2]     ; 4.709 ; 4.709 ; 4.709 ; 4.709 ;
; SW[2]      ; HEX0[3]     ; 4.607 ; 4.607 ; 4.607 ; 4.607 ;
; SW[2]      ; HEX0[4]     ; 4.604 ; 4.604 ; 4.604 ; 4.604 ;
; SW[2]      ; HEX0[5]     ; 4.602 ; 4.602 ; 4.602 ; 4.602 ;
; SW[2]      ; HEX0[6]     ; 4.595 ; 4.595 ; 4.595 ; 4.595 ;
; SW[2]      ; HEX1[0]     ; 4.084 ; 4.084 ; 4.084 ; 4.084 ;
; SW[2]      ; HEX1[3]     ; 3.941 ; 3.941 ; 3.941 ; 3.941 ;
; SW[2]      ; HEX1[4]     ; 3.961 ; 3.961 ; 3.961 ; 3.961 ;
; SW[2]      ; HEX1[5]     ; 3.820 ; 3.820 ; 3.820 ; 3.820 ;
; SW[2]      ; LEDG[2]     ; 3.452 ; 3.452 ; 3.452 ; 3.452 ;
; SW[2]      ; LEDG[3]     ; 3.555 ; 3.555 ; 3.555 ; 3.555 ;
; SW[2]      ; LEDG[4]     ; 3.595 ;       ;       ; 3.595 ;
; SW[2]      ; LEDG[8]     ; 4.091 ;       ;       ; 4.091 ;
; SW[2]      ; LEDR[2]     ; 3.011 ;       ;       ; 3.011 ;
; SW[3]      ; HEX0[0]     ; 4.951 ; 4.951 ; 4.951 ; 4.951 ;
; SW[3]      ; HEX0[1]     ; 4.917 ; 4.917 ; 4.917 ; 4.917 ;
; SW[3]      ; HEX0[2]     ; 4.928 ; 4.928 ; 4.928 ; 4.928 ;
; SW[3]      ; HEX0[3]     ; 4.826 ; 4.826 ; 4.826 ; 4.826 ;
; SW[3]      ; HEX0[4]     ; 4.823 ; 4.823 ; 4.823 ; 4.823 ;
; SW[3]      ; HEX0[5]     ; 4.821 ; 4.821 ; 4.821 ; 4.821 ;
; SW[3]      ; HEX0[6]     ; 4.814 ; 4.814 ; 4.814 ; 4.814 ;
; SW[3]      ; HEX1[0]     ; 4.312 ; 4.317 ; 4.317 ; 4.312 ;
; SW[3]      ; HEX1[3]     ; 4.169 ; 4.174 ; 4.174 ; 4.169 ;
; SW[3]      ; HEX1[4]     ; 4.189 ; 4.194 ; 4.194 ; 4.189 ;
; SW[3]      ; HEX1[5]     ; 4.048 ; 4.053 ; 4.053 ; 4.048 ;
; SW[3]      ; LEDG[3]     ; 3.607 ; 3.607 ; 3.607 ; 3.607 ;
; SW[3]      ; LEDG[4]     ; 3.654 ;       ;       ; 3.654 ;
; SW[3]      ; LEDG[8]     ; 4.417 ;       ;       ; 4.417 ;
; SW[3]      ; LEDR[3]     ; 3.094 ;       ;       ; 3.094 ;
; SW[4]      ; HEX0[0]     ; 4.243 ; 4.243 ; 4.243 ; 4.243 ;
; SW[4]      ; HEX0[1]     ; 4.207 ; 4.207 ; 4.207 ; 4.207 ;
; SW[4]      ; HEX0[2]     ; 4.219 ; 4.219 ; 4.219 ; 4.219 ;
; SW[4]      ; HEX0[3]     ; 4.122 ; 4.122 ; 4.122 ; 4.122 ;
; SW[4]      ; HEX0[4]     ; 4.112 ; 4.112 ; 4.112 ; 4.112 ;
; SW[4]      ; HEX0[5]     ; 4.116 ; 4.116 ; 4.116 ; 4.116 ;
; SW[4]      ; HEX0[6]     ; 4.106 ; 4.106 ; 4.106 ; 4.106 ;
; SW[4]      ; HEX1[0]     ; 4.095 ; 4.095 ; 4.095 ; 4.095 ;
; SW[4]      ; HEX1[3]     ; 3.952 ; 3.952 ; 3.952 ; 3.952 ;
; SW[4]      ; HEX1[4]     ; 3.972 ; 3.972 ; 3.972 ; 3.972 ;
; SW[4]      ; HEX1[5]     ; 3.831 ; 3.831 ; 3.831 ; 3.831 ;
; SW[4]      ; LEDG[0]     ; 3.232 ; 3.232 ; 3.232 ; 3.232 ;
; SW[4]      ; LEDG[1]     ; 3.531 ; 3.531 ; 3.531 ; 3.531 ;
; SW[4]      ; LEDG[2]     ; 3.515 ; 3.515 ; 3.515 ; 3.515 ;
; SW[4]      ; LEDG[3]     ; 3.690 ; 3.690 ; 3.690 ; 3.690 ;
; SW[4]      ; LEDG[4]     ; 3.733 ;       ;       ; 3.733 ;
; SW[4]      ; LEDR[4]     ; 2.847 ;       ;       ; 2.847 ;
; SW[5]      ; HEX0[0]     ; 4.536 ; 4.536 ; 4.536 ; 4.536 ;
; SW[5]      ; HEX0[1]     ; 4.502 ; 4.502 ; 4.502 ; 4.502 ;
; SW[5]      ; HEX0[2]     ; 4.513 ; 4.513 ; 4.513 ; 4.513 ;
; SW[5]      ; HEX0[3]     ; 4.411 ; 4.411 ; 4.411 ; 4.411 ;
; SW[5]      ; HEX0[4]     ; 4.408 ; 4.408 ; 4.408 ; 4.408 ;
; SW[5]      ; HEX0[5]     ; 4.406 ; 4.406 ; 4.406 ; 4.406 ;
; SW[5]      ; HEX0[6]     ; 4.399 ; 4.399 ; 4.399 ; 4.399 ;
; SW[5]      ; HEX1[0]     ; 3.899 ; 3.899 ; 3.899 ; 3.899 ;
; SW[5]      ; HEX1[3]     ; 3.756 ; 3.756 ; 3.756 ; 3.756 ;
; SW[5]      ; HEX1[4]     ; 3.776 ; 3.776 ; 3.776 ; 3.776 ;
; SW[5]      ; HEX1[5]     ; 3.635 ; 3.635 ; 3.635 ; 3.635 ;
; SW[5]      ; LEDG[1]     ; 3.335 ; 3.335 ; 3.335 ; 3.335 ;
; SW[5]      ; LEDG[2]     ; 3.313 ; 3.313 ; 3.313 ; 3.313 ;
; SW[5]      ; LEDG[3]     ; 3.510 ; 3.510 ; 3.510 ; 3.510 ;
; SW[5]      ; LEDG[4]     ; 3.553 ;       ;       ; 3.553 ;
; SW[5]      ; LEDG[8]     ; 3.869 ;       ;       ; 3.869 ;
; SW[5]      ; LEDR[5]     ; 3.062 ;       ;       ; 3.062 ;
; SW[6]      ; HEX0[0]     ; 4.831 ; 4.831 ; 4.831 ; 4.831 ;
; SW[6]      ; HEX0[1]     ; 4.797 ; 4.797 ; 4.797 ; 4.797 ;
; SW[6]      ; HEX0[2]     ; 4.808 ; 4.808 ; 4.808 ; 4.808 ;
; SW[6]      ; HEX0[3]     ; 4.706 ; 4.706 ; 4.706 ; 4.706 ;
; SW[6]      ; HEX0[4]     ; 4.703 ; 4.703 ; 4.703 ; 4.703 ;
; SW[6]      ; HEX0[5]     ; 4.701 ; 4.701 ; 4.701 ; 4.701 ;
; SW[6]      ; HEX0[6]     ; 4.694 ; 4.694 ; 4.694 ; 4.694 ;
; SW[6]      ; HEX1[0]     ; 4.183 ; 4.183 ; 4.183 ; 4.183 ;
; SW[6]      ; HEX1[3]     ; 4.040 ; 4.040 ; 4.040 ; 4.040 ;
; SW[6]      ; HEX1[4]     ; 4.060 ; 4.060 ; 4.060 ; 4.060 ;
; SW[6]      ; HEX1[5]     ; 3.919 ; 3.919 ; 3.919 ; 3.919 ;
; SW[6]      ; LEDG[2]     ; 3.551 ; 3.551 ; 3.551 ; 3.551 ;
; SW[6]      ; LEDG[3]     ; 3.631 ; 3.631 ; 3.631 ; 3.631 ;
; SW[6]      ; LEDG[4]     ; 3.671 ;       ;       ; 3.671 ;
; SW[6]      ; LEDG[8]     ; 3.763 ;       ;       ; 3.763 ;
; SW[6]      ; LEDR[6]     ; 2.874 ;       ;       ; 2.874 ;
; SW[7]      ; HEX0[0]     ; 5.434 ; 5.434 ; 5.434 ; 5.434 ;
; SW[7]      ; HEX0[1]     ; 5.400 ; 5.400 ; 5.400 ; 5.400 ;
; SW[7]      ; HEX0[2]     ; 5.411 ; 5.411 ; 5.411 ; 5.411 ;
; SW[7]      ; HEX0[3]     ; 5.309 ; 5.309 ; 5.309 ; 5.309 ;
; SW[7]      ; HEX0[4]     ; 5.306 ; 5.306 ; 5.306 ; 5.306 ;
; SW[7]      ; HEX0[5]     ; 5.304 ; 5.304 ; 5.304 ; 5.304 ;
; SW[7]      ; HEX0[6]     ; 5.297 ; 5.297 ; 5.297 ; 5.297 ;
; SW[7]      ; HEX1[0]     ; 4.792 ; 4.800 ; 4.800 ; 4.792 ;
; SW[7]      ; HEX1[3]     ; 4.649 ; 4.657 ; 4.657 ; 4.649 ;
; SW[7]      ; HEX1[4]     ; 4.669 ; 4.677 ; 4.677 ; 4.669 ;
; SW[7]      ; HEX1[5]     ; 4.528 ; 4.536 ; 4.536 ; 4.528 ;
; SW[7]      ; LEDG[3]     ; 4.090 ; 4.090 ; 4.090 ; 4.090 ;
; SW[7]      ; LEDG[4]     ; 4.134 ;       ;       ; 4.134 ;
; SW[7]      ; LEDG[8]     ; 4.643 ;       ;       ; 4.643 ;
; SW[7]      ; LEDR[7]     ; 3.434 ;       ;       ; 3.434 ;
; SW[8]      ; HEX0[0]     ; 5.217 ; 5.217 ; 5.217 ; 5.217 ;
; SW[8]      ; HEX0[1]     ; 5.181 ; 5.181 ; 5.181 ; 5.181 ;
; SW[8]      ; HEX0[2]     ; 5.193 ; 5.193 ; 5.193 ; 5.193 ;
; SW[8]      ; HEX0[3]     ; 5.096 ; 5.096 ; 5.096 ; 5.096 ;
; SW[8]      ; HEX0[4]     ; 5.086 ; 5.086 ; 5.086 ; 5.086 ;
; SW[8]      ; HEX0[5]     ; 5.090 ; 5.090 ; 5.090 ; 5.090 ;
; SW[8]      ; HEX0[6]     ; 5.080 ; 5.080 ; 5.080 ; 5.080 ;
; SW[8]      ; HEX1[0]     ; 5.067 ; 5.067 ; 5.067 ; 5.067 ;
; SW[8]      ; HEX1[3]     ; 4.924 ; 4.924 ; 4.924 ; 4.924 ;
; SW[8]      ; HEX1[4]     ; 4.944 ; 4.944 ; 4.944 ; 4.944 ;
; SW[8]      ; HEX1[5]     ; 4.803 ; 4.803 ; 4.803 ; 4.803 ;
; SW[8]      ; LEDG[0]     ; 4.206 ; 4.206 ; 4.206 ; 4.206 ;
; SW[8]      ; LEDG[1]     ; 4.503 ; 4.503 ; 4.503 ; 4.503 ;
; SW[8]      ; LEDG[2]     ; 4.487 ; 4.487 ; 4.487 ; 4.487 ;
; SW[8]      ; LEDG[3]     ; 4.662 ; 4.662 ; 4.662 ; 4.662 ;
; SW[8]      ; LEDG[4]     ; 4.705 ;       ;       ; 4.705 ;
; SW[8]      ; LEDR[8]     ; 3.770 ;       ;       ; 3.770 ;
+------------+-------------+-------+-------+-------+-------+


+----------------------------------------------------------------------------+
; Multicorner Timing Analysis Summary                                        ;
+------------------+-------+------+----------+---------+---------------------+
; Clock            ; Setup ; Hold ; Recovery ; Removal ; Minimum Pulse Width ;
+------------------+-------+------+----------+---------+---------------------+
; Worst-case Slack ; N/A   ; N/A  ; N/A      ; N/A     ; N/A                 ;
; Design-wide TNS  ; 0.0   ; 0.0  ; 0.0      ; 0.0     ; 0.0                 ;
+------------------+-------+------+----------+---------+---------------------+


+--------------------------------------------------------------+
; Progagation Delay                                            ;
+------------+-------------+--------+--------+--------+--------+
; Input Port ; Output Port ; RR     ; RF     ; FR     ; FF     ;
+------------+-------------+--------+--------+--------+--------+
; SW[0]      ; HEX0[0]     ; 11.420 ; 11.420 ; 11.420 ; 11.420 ;
; SW[0]      ; HEX0[1]     ; 11.389 ; 11.389 ; 11.389 ; 11.389 ;
; SW[0]      ; HEX0[2]     ; 11.401 ; 11.401 ; 11.401 ; 11.401 ;
; SW[0]      ; HEX0[3]     ; 11.172 ; 11.172 ; 11.172 ; 11.172 ;
; SW[0]      ; HEX0[4]     ; 11.171 ; 11.171 ; 11.171 ; 11.171 ;
; SW[0]      ; HEX0[5]     ; 11.151 ; 11.151 ; 11.151 ; 11.151 ;
; SW[0]      ; HEX0[6]     ; 11.159 ; 11.159 ; 11.159 ; 11.159 ;
; SW[0]      ; HEX1[0]     ; 9.225  ; 9.225  ; 9.225  ; 9.225  ;
; SW[0]      ; HEX1[3]     ; 9.042  ; 9.042  ; 9.042  ; 9.042  ;
; SW[0]      ; HEX1[4]     ; 9.062  ; 9.062  ; 9.062  ; 9.062  ;
; SW[0]      ; HEX1[5]     ; 8.758  ; 8.758  ; 8.758  ; 8.758  ;
; SW[0]      ; LEDG[0]     ; 6.536  ; 6.536  ; 6.536  ; 6.536  ;
; SW[0]      ; LEDG[1]     ; 7.233  ; 7.233  ; 7.233  ; 7.233  ;
; SW[0]      ; LEDG[2]     ; 7.220  ; 7.220  ; 7.220  ; 7.220  ;
; SW[0]      ; LEDG[3]     ; 7.627  ; 7.627  ; 7.627  ; 7.627  ;
; SW[0]      ; LEDG[4]     ; 7.672  ;        ;        ; 7.672  ;
; SW[0]      ; LEDR[0]     ; 5.179  ;        ;        ; 5.179  ;
; SW[1]      ; HEX0[0]     ; 10.491 ; 10.491 ; 10.491 ; 10.491 ;
; SW[1]      ; HEX0[1]     ; 10.460 ; 10.460 ; 10.460 ; 10.460 ;
; SW[1]      ; HEX0[2]     ; 10.472 ; 10.472 ; 10.472 ; 10.472 ;
; SW[1]      ; HEX0[3]     ; 10.243 ; 10.243 ; 10.243 ; 10.243 ;
; SW[1]      ; HEX0[4]     ; 10.242 ; 10.242 ; 10.242 ; 10.242 ;
; SW[1]      ; HEX0[5]     ; 10.222 ; 10.222 ; 10.222 ; 10.222 ;
; SW[1]      ; HEX0[6]     ; 10.230 ; 10.230 ; 10.230 ; 10.230 ;
; SW[1]      ; HEX1[0]     ; 8.296  ; 8.296  ; 8.296  ; 8.296  ;
; SW[1]      ; HEX1[3]     ; 8.113  ; 8.113  ; 8.113  ; 8.113  ;
; SW[1]      ; HEX1[4]     ; 8.133  ; 8.133  ; 8.133  ; 8.133  ;
; SW[1]      ; HEX1[5]     ; 7.829  ; 7.829  ; 7.829  ; 7.829  ;
; SW[1]      ; LEDG[1]     ; 6.309  ; 6.309  ; 6.309  ; 6.309  ;
; SW[1]      ; LEDG[2]     ; 6.291  ; 6.291  ; 6.291  ; 6.291  ;
; SW[1]      ; LEDG[3]     ; 6.698  ; 6.698  ; 6.698  ; 6.698  ;
; SW[1]      ; LEDG[4]     ; 6.743  ;        ;        ; 6.743  ;
; SW[1]      ; LEDG[8]     ; 8.235  ;        ;        ; 8.235  ;
; SW[1]      ; LEDR[1]     ; 5.870  ;        ;        ; 5.870  ;
; SW[2]      ; HEX0[0]     ; 11.034 ; 11.034 ; 11.034 ; 11.034 ;
; SW[2]      ; HEX0[1]     ; 11.003 ; 11.003 ; 11.003 ; 11.003 ;
; SW[2]      ; HEX0[2]     ; 11.015 ; 11.015 ; 11.015 ; 11.015 ;
; SW[2]      ; HEX0[3]     ; 10.786 ; 10.786 ; 10.786 ; 10.786 ;
; SW[2]      ; HEX0[4]     ; 10.785 ; 10.785 ; 10.785 ; 10.785 ;
; SW[2]      ; HEX0[5]     ; 10.765 ; 10.765 ; 10.765 ; 10.765 ;
; SW[2]      ; HEX0[6]     ; 10.773 ; 10.773 ; 10.773 ; 10.773 ;
; SW[2]      ; HEX1[0]     ; 8.839  ; 8.839  ; 8.839  ; 8.839  ;
; SW[2]      ; HEX1[3]     ; 8.656  ; 8.656  ; 8.656  ; 8.656  ;
; SW[2]      ; HEX1[4]     ; 8.676  ; 8.676  ; 8.676  ; 8.676  ;
; SW[2]      ; HEX1[5]     ; 8.372  ; 8.372  ; 8.372  ; 8.372  ;
; SW[2]      ; LEDG[2]     ; 6.698  ; 6.698  ; 6.698  ; 6.698  ;
; SW[2]      ; LEDG[3]     ; 7.241  ; 7.241  ; 7.241  ; 7.241  ;
; SW[2]      ; LEDG[4]     ; 7.286  ;        ;        ; 7.286  ;
; SW[2]      ; LEDG[8]     ; 8.004  ;        ;        ; 8.004  ;
; SW[2]      ; LEDR[2]     ; 5.629  ;        ;        ; 5.629  ;
; SW[3]      ; HEX0[0]     ; 10.788 ; 10.788 ; 10.788 ; 10.788 ;
; SW[3]      ; HEX0[1]     ; 10.757 ; 10.757 ; 10.757 ; 10.757 ;
; SW[3]      ; HEX0[2]     ; 10.769 ; 10.769 ; 10.769 ; 10.769 ;
; SW[3]      ; HEX0[3]     ; 10.540 ; 10.540 ; 10.540 ; 10.540 ;
; SW[3]      ; HEX0[4]     ; 10.539 ; 10.539 ; 10.539 ; 10.539 ;
; SW[3]      ; HEX0[5]     ; 10.519 ; 10.519 ; 10.519 ; 10.519 ;
; SW[3]      ; HEX0[6]     ; 10.527 ; 10.527 ; 10.527 ; 10.527 ;
; SW[3]      ; HEX1[0]     ; 8.593  ; 8.593  ; 8.593  ; 8.593  ;
; SW[3]      ; HEX1[3]     ; 8.410  ; 8.410  ; 8.410  ; 8.410  ;
; SW[3]      ; HEX1[4]     ; 8.430  ; 8.430  ; 8.430  ; 8.430  ;
; SW[3]      ; HEX1[5]     ; 8.126  ; 8.126  ; 8.126  ; 8.126  ;
; SW[3]      ; LEDG[3]     ; 6.995  ; 6.995  ; 6.995  ; 6.995  ;
; SW[3]      ; LEDG[4]     ; 7.040  ;        ;        ; 7.040  ;
; SW[3]      ; LEDG[8]     ; 8.673  ;        ;        ; 8.673  ;
; SW[3]      ; LEDR[3]     ; 5.791  ;        ;        ; 5.791  ;
; SW[4]      ; HEX0[0]     ; 11.087 ; 11.087 ; 11.087 ; 11.087 ;
; SW[4]      ; HEX0[1]     ; 11.056 ; 11.056 ; 11.056 ; 11.056 ;
; SW[4]      ; HEX0[2]     ; 11.068 ; 11.068 ; 11.068 ; 11.068 ;
; SW[4]      ; HEX0[3]     ; 10.839 ; 10.839 ; 10.839 ; 10.839 ;
; SW[4]      ; HEX0[4]     ; 10.838 ; 10.838 ; 10.838 ; 10.838 ;
; SW[4]      ; HEX0[5]     ; 10.818 ; 10.818 ; 10.818 ; 10.818 ;
; SW[4]      ; HEX0[6]     ; 10.826 ; 10.826 ; 10.826 ; 10.826 ;
; SW[4]      ; HEX1[0]     ; 8.892  ; 8.892  ; 8.892  ; 8.892  ;
; SW[4]      ; HEX1[3]     ; 8.709  ; 8.709  ; 8.709  ; 8.709  ;
; SW[4]      ; HEX1[4]     ; 8.729  ; 8.729  ; 8.729  ; 8.729  ;
; SW[4]      ; HEX1[5]     ; 8.425  ; 8.425  ; 8.425  ; 8.425  ;
; SW[4]      ; LEDG[0]     ; 6.203  ; 6.203  ; 6.203  ; 6.203  ;
; SW[4]      ; LEDG[1]     ; 6.900  ; 6.900  ; 6.900  ; 6.900  ;
; SW[4]      ; LEDG[2]     ; 6.887  ; 6.887  ; 6.887  ; 6.887  ;
; SW[4]      ; LEDG[3]     ; 7.294  ; 7.294  ; 7.294  ; 7.294  ;
; SW[4]      ; LEDG[4]     ; 7.339  ;        ;        ; 7.339  ;
; SW[4]      ; LEDR[4]     ; 5.286  ;        ;        ; 5.286  ;
; SW[5]      ; HEX0[0]     ; 10.612 ; 10.612 ; 10.612 ; 10.612 ;
; SW[5]      ; HEX0[1]     ; 10.581 ; 10.581 ; 10.581 ; 10.581 ;
; SW[5]      ; HEX0[2]     ; 10.593 ; 10.593 ; 10.593 ; 10.593 ;
; SW[5]      ; HEX0[3]     ; 10.364 ; 10.364 ; 10.364 ; 10.364 ;
; SW[5]      ; HEX0[4]     ; 10.363 ; 10.363 ; 10.363 ; 10.363 ;
; SW[5]      ; HEX0[5]     ; 10.343 ; 10.343 ; 10.343 ; 10.343 ;
; SW[5]      ; HEX0[6]     ; 10.351 ; 10.351 ; 10.351 ; 10.351 ;
; SW[5]      ; HEX1[0]     ; 8.417  ; 8.417  ; 8.417  ; 8.417  ;
; SW[5]      ; HEX1[3]     ; 8.234  ; 8.234  ; 8.234  ; 8.234  ;
; SW[5]      ; HEX1[4]     ; 8.254  ; 8.254  ; 8.254  ; 8.254  ;
; SW[5]      ; HEX1[5]     ; 7.950  ; 7.950  ; 7.950  ; 7.950  ;
; SW[5]      ; LEDG[1]     ; 6.358  ; 6.358  ; 6.358  ; 6.358  ;
; SW[5]      ; LEDG[2]     ; 6.335  ; 6.335  ; 6.335  ; 6.335  ;
; SW[5]      ; LEDG[3]     ; 6.819  ; 6.819  ; 6.819  ; 6.819  ;
; SW[5]      ; LEDG[4]     ; 6.864  ;        ;        ; 6.864  ;
; SW[5]      ; LEDG[8]     ; 7.496  ;        ;        ; 7.496  ;
; SW[5]      ; LEDR[5]     ; 5.706  ;        ;        ; 5.706  ;
; SW[6]      ; HEX0[0]     ; 11.347 ; 11.347 ; 11.347 ; 11.347 ;
; SW[6]      ; HEX0[1]     ; 11.316 ; 11.316 ; 11.316 ; 11.316 ;
; SW[6]      ; HEX0[2]     ; 11.328 ; 11.328 ; 11.328 ; 11.328 ;
; SW[6]      ; HEX0[3]     ; 11.099 ; 11.099 ; 11.099 ; 11.099 ;
; SW[6]      ; HEX0[4]     ; 11.098 ; 11.098 ; 11.098 ; 11.098 ;
; SW[6]      ; HEX0[5]     ; 11.078 ; 11.078 ; 11.078 ; 11.078 ;
; SW[6]      ; HEX0[6]     ; 11.086 ; 11.086 ; 11.086 ; 11.086 ;
; SW[6]      ; HEX1[0]     ; 9.152  ; 9.152  ; 9.152  ; 9.152  ;
; SW[6]      ; HEX1[3]     ; 8.969  ; 8.969  ; 8.969  ; 8.969  ;
; SW[6]      ; HEX1[4]     ; 8.989  ; 8.989  ; 8.989  ; 8.989  ;
; SW[6]      ; HEX1[5]     ; 8.685  ; 8.685  ; 8.685  ; 8.685  ;
; SW[6]      ; LEDG[2]     ; 6.980  ; 6.980  ; 6.980  ; 6.980  ;
; SW[6]      ; LEDG[3]     ; 7.554  ; 7.554  ; 7.554  ; 7.554  ;
; SW[6]      ; LEDG[4]     ; 7.599  ;        ;        ; 7.599  ;
; SW[6]      ; LEDG[8]     ; 7.323  ;        ;        ; 7.323  ;
; SW[6]      ; LEDR[6]     ; 5.347  ;        ;        ; 5.347  ;
; SW[7]      ; HEX0[0]     ; 11.620 ; 11.620 ; 11.620 ; 11.620 ;
; SW[7]      ; HEX0[1]     ; 11.589 ; 11.589 ; 11.589 ; 11.589 ;
; SW[7]      ; HEX0[2]     ; 11.601 ; 11.601 ; 11.601 ; 11.601 ;
; SW[7]      ; HEX0[3]     ; 11.372 ; 11.372 ; 11.372 ; 11.372 ;
; SW[7]      ; HEX0[4]     ; 11.371 ; 11.371 ; 11.371 ; 11.371 ;
; SW[7]      ; HEX0[5]     ; 11.351 ; 11.351 ; 11.351 ; 11.351 ;
; SW[7]      ; HEX0[6]     ; 11.359 ; 11.359 ; 11.359 ; 11.359 ;
; SW[7]      ; HEX1[0]     ; 9.425  ; 9.425  ; 9.425  ; 9.425  ;
; SW[7]      ; HEX1[3]     ; 9.242  ; 9.242  ; 9.242  ; 9.242  ;
; SW[7]      ; HEX1[4]     ; 9.262  ; 9.262  ; 9.262  ; 9.262  ;
; SW[7]      ; HEX1[5]     ; 8.958  ; 8.958  ; 8.958  ; 8.958  ;
; SW[7]      ; LEDG[3]     ; 7.827  ; 7.827  ; 7.827  ; 7.827  ;
; SW[7]      ; LEDG[4]     ; 7.874  ;        ;        ; 7.874  ;
; SW[7]      ; LEDG[8]     ; 8.987  ;        ;        ; 8.987  ;
; SW[7]      ; LEDR[7]     ; 6.284  ;        ;        ; 6.284  ;
; SW[8]      ; HEX0[0]     ; 12.687 ; 12.687 ; 12.687 ; 12.687 ;
; SW[8]      ; HEX0[1]     ; 12.656 ; 12.656 ; 12.656 ; 12.656 ;
; SW[8]      ; HEX0[2]     ; 12.668 ; 12.668 ; 12.668 ; 12.668 ;
; SW[8]      ; HEX0[3]     ; 12.439 ; 12.439 ; 12.439 ; 12.439 ;
; SW[8]      ; HEX0[4]     ; 12.438 ; 12.438 ; 12.438 ; 12.438 ;
; SW[8]      ; HEX0[5]     ; 12.418 ; 12.418 ; 12.418 ; 12.418 ;
; SW[8]      ; HEX0[6]     ; 12.426 ; 12.426 ; 12.426 ; 12.426 ;
; SW[8]      ; HEX1[0]     ; 10.492 ; 10.492 ; 10.492 ; 10.492 ;
; SW[8]      ; HEX1[3]     ; 10.309 ; 10.309 ; 10.309 ; 10.309 ;
; SW[8]      ; HEX1[4]     ; 10.329 ; 10.329 ; 10.329 ; 10.329 ;
; SW[8]      ; HEX1[5]     ; 10.025 ; 10.025 ; 10.025 ; 10.025 ;
; SW[8]      ; LEDG[0]     ; 7.807  ; 7.807  ; 7.807  ; 7.807  ;
; SW[8]      ; LEDG[1]     ; 8.500  ; 8.500  ; 8.500  ; 8.500  ;
; SW[8]      ; LEDG[2]     ; 8.487  ; 8.487  ; 8.487  ; 8.487  ;
; SW[8]      ; LEDG[3]     ; 8.894  ; 8.894  ; 8.894  ; 8.894  ;
; SW[8]      ; LEDG[4]     ; 8.939  ;        ;        ; 8.939  ;
; SW[8]      ; LEDR[8]     ; 6.914  ;        ;        ; 6.914  ;
+------------+-------------+--------+--------+--------+--------+


+----------------------------------------------------------+
; Minimum Progagation Delay                                ;
+------------+-------------+-------+-------+-------+-------+
; Input Port ; Output Port ; RR    ; RF    ; FR    ; FF    ;
+------------+-------------+-------+-------+-------+-------+
; SW[0]      ; HEX0[0]     ; 4.428 ; 4.428 ; 4.428 ; 4.428 ;
; SW[0]      ; HEX0[1]     ; 4.392 ; 4.392 ; 4.392 ; 4.392 ;
; SW[0]      ; HEX0[2]     ; 4.404 ; 4.404 ; 4.404 ; 4.404 ;
; SW[0]      ; HEX0[3]     ; 4.307 ; 4.307 ; 4.307 ; 4.307 ;
; SW[0]      ; HEX0[4]     ; 4.297 ; 4.297 ; 4.297 ; 4.297 ;
; SW[0]      ; HEX0[5]     ; 4.301 ; 4.301 ; 4.301 ; 4.301 ;
; SW[0]      ; HEX0[6]     ; 4.291 ; 4.291 ; 4.291 ; 4.291 ;
; SW[0]      ; HEX1[0]     ; 4.283 ; 4.283 ; 4.283 ; 4.283 ;
; SW[0]      ; HEX1[3]     ; 4.140 ; 4.140 ; 4.140 ; 4.140 ;
; SW[0]      ; HEX1[4]     ; 4.160 ; 4.160 ; 4.160 ; 4.160 ;
; SW[0]      ; HEX1[5]     ; 4.019 ; 4.019 ; 4.019 ; 4.019 ;
; SW[0]      ; LEDG[0]     ; 3.417 ; 3.417 ; 3.417 ; 3.417 ;
; SW[0]      ; LEDG[1]     ; 3.719 ; 3.719 ; 3.719 ; 3.719 ;
; SW[0]      ; LEDG[2]     ; 3.703 ; 3.703 ; 3.703 ; 3.703 ;
; SW[0]      ; LEDG[3]     ; 3.878 ; 3.878 ; 3.878 ; 3.878 ;
; SW[0]      ; LEDG[4]     ; 3.921 ;       ;       ; 3.921 ;
; SW[0]      ; LEDR[0]     ; 2.832 ;       ;       ; 2.832 ;
; SW[1]      ; HEX0[0]     ; 4.531 ; 4.531 ; 4.531 ; 4.531 ;
; SW[1]      ; HEX0[1]     ; 4.497 ; 4.497 ; 4.497 ; 4.497 ;
; SW[1]      ; HEX0[2]     ; 4.508 ; 4.508 ; 4.508 ; 4.508 ;
; SW[1]      ; HEX0[3]     ; 4.406 ; 4.406 ; 4.406 ; 4.406 ;
; SW[1]      ; HEX0[4]     ; 4.403 ; 4.403 ; 4.403 ; 4.403 ;
; SW[1]      ; HEX0[5]     ; 4.401 ; 4.401 ; 4.401 ; 4.401 ;
; SW[1]      ; HEX0[6]     ; 4.394 ; 4.394 ; 4.394 ; 4.394 ;
; SW[1]      ; HEX1[0]     ; 3.894 ; 3.894 ; 3.894 ; 3.894 ;
; SW[1]      ; HEX1[3]     ; 3.751 ; 3.751 ; 3.751 ; 3.751 ;
; SW[1]      ; HEX1[4]     ; 3.771 ; 3.771 ; 3.771 ; 3.771 ;
; SW[1]      ; HEX1[5]     ; 3.630 ; 3.630 ; 3.630 ; 3.630 ;
; SW[1]      ; LEDG[1]     ; 3.330 ; 3.330 ; 3.330 ; 3.330 ;
; SW[1]      ; LEDG[2]     ; 3.312 ; 3.312 ; 3.312 ; 3.312 ;
; SW[1]      ; LEDG[3]     ; 3.484 ; 3.484 ; 3.484 ; 3.484 ;
; SW[1]      ; LEDG[4]     ; 3.527 ;       ;       ; 3.527 ;
; SW[1]      ; LEDG[8]     ; 4.212 ;       ;       ; 4.212 ;
; SW[1]      ; LEDR[1]     ; 3.162 ;       ;       ; 3.162 ;
; SW[2]      ; HEX0[0]     ; 4.732 ; 4.732 ; 4.732 ; 4.732 ;
; SW[2]      ; HEX0[1]     ; 4.698 ; 4.698 ; 4.698 ; 4.698 ;
; SW[2]      ; HEX0[2]     ; 4.709 ; 4.709 ; 4.709 ; 4.709 ;
; SW[2]      ; HEX0[3]     ; 4.607 ; 4.607 ; 4.607 ; 4.607 ;
; SW[2]      ; HEX0[4]     ; 4.604 ; 4.604 ; 4.604 ; 4.604 ;
; SW[2]      ; HEX0[5]     ; 4.602 ; 4.602 ; 4.602 ; 4.602 ;
; SW[2]      ; HEX0[6]     ; 4.595 ; 4.595 ; 4.595 ; 4.595 ;
; SW[2]      ; HEX1[0]     ; 4.084 ; 4.084 ; 4.084 ; 4.084 ;
; SW[2]      ; HEX1[3]     ; 3.941 ; 3.941 ; 3.941 ; 3.941 ;
; SW[2]      ; HEX1[4]     ; 3.961 ; 3.961 ; 3.961 ; 3.961 ;
; SW[2]      ; HEX1[5]     ; 3.820 ; 3.820 ; 3.820 ; 3.820 ;
; SW[2]      ; LEDG[2]     ; 3.452 ; 3.452 ; 3.452 ; 3.452 ;
; SW[2]      ; LEDG[3]     ; 3.555 ; 3.555 ; 3.555 ; 3.555 ;
; SW[2]      ; LEDG[4]     ; 3.595 ;       ;       ; 3.595 ;
; SW[2]      ; LEDG[8]     ; 4.091 ;       ;       ; 4.091 ;
; SW[2]      ; LEDR[2]     ; 3.011 ;       ;       ; 3.011 ;
; SW[3]      ; HEX0[0]     ; 4.951 ; 4.951 ; 4.951 ; 4.951 ;
; SW[3]      ; HEX0[1]     ; 4.917 ; 4.917 ; 4.917 ; 4.917 ;
; SW[3]      ; HEX0[2]     ; 4.928 ; 4.928 ; 4.928 ; 4.928 ;
; SW[3]      ; HEX0[3]     ; 4.826 ; 4.826 ; 4.826 ; 4.826 ;
; SW[3]      ; HEX0[4]     ; 4.823 ; 4.823 ; 4.823 ; 4.823 ;
; SW[3]      ; HEX0[5]     ; 4.821 ; 4.821 ; 4.821 ; 4.821 ;
; SW[3]      ; HEX0[6]     ; 4.814 ; 4.814 ; 4.814 ; 4.814 ;
; SW[3]      ; HEX1[0]     ; 4.312 ; 4.317 ; 4.317 ; 4.312 ;
; SW[3]      ; HEX1[3]     ; 4.169 ; 4.174 ; 4.174 ; 4.169 ;
; SW[3]      ; HEX1[4]     ; 4.189 ; 4.194 ; 4.194 ; 4.189 ;
; SW[3]      ; HEX1[5]     ; 4.048 ; 4.053 ; 4.053 ; 4.048 ;
; SW[3]      ; LEDG[3]     ; 3.607 ; 3.607 ; 3.607 ; 3.607 ;
; SW[3]      ; LEDG[4]     ; 3.654 ;       ;       ; 3.654 ;
; SW[3]      ; LEDG[8]     ; 4.417 ;       ;       ; 4.417 ;
; SW[3]      ; LEDR[3]     ; 3.094 ;       ;       ; 3.094 ;
; SW[4]      ; HEX0[0]     ; 4.243 ; 4.243 ; 4.243 ; 4.243 ;
; SW[4]      ; HEX0[1]     ; 4.207 ; 4.207 ; 4.207 ; 4.207 ;
; SW[4]      ; HEX0[2]     ; 4.219 ; 4.219 ; 4.219 ; 4.219 ;
; SW[4]      ; HEX0[3]     ; 4.122 ; 4.122 ; 4.122 ; 4.122 ;
; SW[4]      ; HEX0[4]     ; 4.112 ; 4.112 ; 4.112 ; 4.112 ;
; SW[4]      ; HEX0[5]     ; 4.116 ; 4.116 ; 4.116 ; 4.116 ;
; SW[4]      ; HEX0[6]     ; 4.106 ; 4.106 ; 4.106 ; 4.106 ;
; SW[4]      ; HEX1[0]     ; 4.095 ; 4.095 ; 4.095 ; 4.095 ;
; SW[4]      ; HEX1[3]     ; 3.952 ; 3.952 ; 3.952 ; 3.952 ;
; SW[4]      ; HEX1[4]     ; 3.972 ; 3.972 ; 3.972 ; 3.972 ;
; SW[4]      ; HEX1[5]     ; 3.831 ; 3.831 ; 3.831 ; 3.831 ;
; SW[4]      ; LEDG[0]     ; 3.232 ; 3.232 ; 3.232 ; 3.232 ;
; SW[4]      ; LEDG[1]     ; 3.531 ; 3.531 ; 3.531 ; 3.531 ;
; SW[4]      ; LEDG[2]     ; 3.515 ; 3.515 ; 3.515 ; 3.515 ;
; SW[4]      ; LEDG[3]     ; 3.690 ; 3.690 ; 3.690 ; 3.690 ;
; SW[4]      ; LEDG[4]     ; 3.733 ;       ;       ; 3.733 ;
; SW[4]      ; LEDR[4]     ; 2.847 ;       ;       ; 2.847 ;
; SW[5]      ; HEX0[0]     ; 4.536 ; 4.536 ; 4.536 ; 4.536 ;
; SW[5]      ; HEX0[1]     ; 4.502 ; 4.502 ; 4.502 ; 4.502 ;
; SW[5]      ; HEX0[2]     ; 4.513 ; 4.513 ; 4.513 ; 4.513 ;
; SW[5]      ; HEX0[3]     ; 4.411 ; 4.411 ; 4.411 ; 4.411 ;
; SW[5]      ; HEX0[4]     ; 4.408 ; 4.408 ; 4.408 ; 4.408 ;
; SW[5]      ; HEX0[5]     ; 4.406 ; 4.406 ; 4.406 ; 4.406 ;
; SW[5]      ; HEX0[6]     ; 4.399 ; 4.399 ; 4.399 ; 4.399 ;
; SW[5]      ; HEX1[0]     ; 3.899 ; 3.899 ; 3.899 ; 3.899 ;
; SW[5]      ; HEX1[3]     ; 3.756 ; 3.756 ; 3.756 ; 3.756 ;
; SW[5]      ; HEX1[4]     ; 3.776 ; 3.776 ; 3.776 ; 3.776 ;
; SW[5]      ; HEX1[5]     ; 3.635 ; 3.635 ; 3.635 ; 3.635 ;
; SW[5]      ; LEDG[1]     ; 3.335 ; 3.335 ; 3.335 ; 3.335 ;
; SW[5]      ; LEDG[2]     ; 3.313 ; 3.313 ; 3.313 ; 3.313 ;
; SW[5]      ; LEDG[3]     ; 3.510 ; 3.510 ; 3.510 ; 3.510 ;
; SW[5]      ; LEDG[4]     ; 3.553 ;       ;       ; 3.553 ;
; SW[5]      ; LEDG[8]     ; 3.869 ;       ;       ; 3.869 ;
; SW[5]      ; LEDR[5]     ; 3.062 ;       ;       ; 3.062 ;
; SW[6]      ; HEX0[0]     ; 4.831 ; 4.831 ; 4.831 ; 4.831 ;
; SW[6]      ; HEX0[1]     ; 4.797 ; 4.797 ; 4.797 ; 4.797 ;
; SW[6]      ; HEX0[2]     ; 4.808 ; 4.808 ; 4.808 ; 4.808 ;
; SW[6]      ; HEX0[3]     ; 4.706 ; 4.706 ; 4.706 ; 4.706 ;
; SW[6]      ; HEX0[4]     ; 4.703 ; 4.703 ; 4.703 ; 4.703 ;
; SW[6]      ; HEX0[5]     ; 4.701 ; 4.701 ; 4.701 ; 4.701 ;
; SW[6]      ; HEX0[6]     ; 4.694 ; 4.694 ; 4.694 ; 4.694 ;
; SW[6]      ; HEX1[0]     ; 4.183 ; 4.183 ; 4.183 ; 4.183 ;
; SW[6]      ; HEX1[3]     ; 4.040 ; 4.040 ; 4.040 ; 4.040 ;
; SW[6]      ; HEX1[4]     ; 4.060 ; 4.060 ; 4.060 ; 4.060 ;
; SW[6]      ; HEX1[5]     ; 3.919 ; 3.919 ; 3.919 ; 3.919 ;
; SW[6]      ; LEDG[2]     ; 3.551 ; 3.551 ; 3.551 ; 3.551 ;
; SW[6]      ; LEDG[3]     ; 3.631 ; 3.631 ; 3.631 ; 3.631 ;
; SW[6]      ; LEDG[4]     ; 3.671 ;       ;       ; 3.671 ;
; SW[6]      ; LEDG[8]     ; 3.763 ;       ;       ; 3.763 ;
; SW[6]      ; LEDR[6]     ; 2.874 ;       ;       ; 2.874 ;
; SW[7]      ; HEX0[0]     ; 5.434 ; 5.434 ; 5.434 ; 5.434 ;
; SW[7]      ; HEX0[1]     ; 5.400 ; 5.400 ; 5.400 ; 5.400 ;
; SW[7]      ; HEX0[2]     ; 5.411 ; 5.411 ; 5.411 ; 5.411 ;
; SW[7]      ; HEX0[3]     ; 5.309 ; 5.309 ; 5.309 ; 5.309 ;
; SW[7]      ; HEX0[4]     ; 5.306 ; 5.306 ; 5.306 ; 5.306 ;
; SW[7]      ; HEX0[5]     ; 5.304 ; 5.304 ; 5.304 ; 5.304 ;
; SW[7]      ; HEX0[6]     ; 5.297 ; 5.297 ; 5.297 ; 5.297 ;
; SW[7]      ; HEX1[0]     ; 4.792 ; 4.800 ; 4.800 ; 4.792 ;
; SW[7]      ; HEX1[3]     ; 4.649 ; 4.657 ; 4.657 ; 4.649 ;
; SW[7]      ; HEX1[4]     ; 4.669 ; 4.677 ; 4.677 ; 4.669 ;
; SW[7]      ; HEX1[5]     ; 4.528 ; 4.536 ; 4.536 ; 4.528 ;
; SW[7]      ; LEDG[3]     ; 4.090 ; 4.090 ; 4.090 ; 4.090 ;
; SW[7]      ; LEDG[4]     ; 4.134 ;       ;       ; 4.134 ;
; SW[7]      ; LEDG[8]     ; 4.643 ;       ;       ; 4.643 ;
; SW[7]      ; LEDR[7]     ; 3.434 ;       ;       ; 3.434 ;
; SW[8]      ; HEX0[0]     ; 5.217 ; 5.217 ; 5.217 ; 5.217 ;
; SW[8]      ; HEX0[1]     ; 5.181 ; 5.181 ; 5.181 ; 5.181 ;
; SW[8]      ; HEX0[2]     ; 5.193 ; 5.193 ; 5.193 ; 5.193 ;
; SW[8]      ; HEX0[3]     ; 5.096 ; 5.096 ; 5.096 ; 5.096 ;
; SW[8]      ; HEX0[4]     ; 5.086 ; 5.086 ; 5.086 ; 5.086 ;
; SW[8]      ; HEX0[5]     ; 5.090 ; 5.090 ; 5.090 ; 5.090 ;
; SW[8]      ; HEX0[6]     ; 5.080 ; 5.080 ; 5.080 ; 5.080 ;
; SW[8]      ; HEX1[0]     ; 5.067 ; 5.067 ; 5.067 ; 5.067 ;
; SW[8]      ; HEX1[3]     ; 4.924 ; 4.924 ; 4.924 ; 4.924 ;
; SW[8]      ; HEX1[4]     ; 4.944 ; 4.944 ; 4.944 ; 4.944 ;
; SW[8]      ; HEX1[5]     ; 4.803 ; 4.803 ; 4.803 ; 4.803 ;
; SW[8]      ; LEDG[0]     ; 4.206 ; 4.206 ; 4.206 ; 4.206 ;
; SW[8]      ; LEDG[1]     ; 4.503 ; 4.503 ; 4.503 ; 4.503 ;
; SW[8]      ; LEDG[2]     ; 4.487 ; 4.487 ; 4.487 ; 4.487 ;
; SW[8]      ; LEDG[3]     ; 4.662 ; 4.662 ; 4.662 ; 4.662 ;
; SW[8]      ; LEDG[4]     ; 4.705 ;       ;       ; 4.705 ;
; SW[8]      ; LEDR[8]     ; 3.770 ;       ;       ; 3.770 ;
+------------+-------------+-------+-------+-------+-------+


-------------------
; Clock Transfers ;
-------------------
Nothing to report.


---------------
; Report TCCS ;
---------------
No dedicated SERDES Transmitter circuitry present in device or used in design


---------------
; Report RSKM ;
---------------
No dedicated SERDES Receiver circuitry present in device or used in design


+------------------------------------------------+
; Unconstrained Paths                            ;
+---------------------------------+-------+------+
; Property                        ; Setup ; Hold ;
+---------------------------------+-------+------+
; Illegal Clocks                  ; 0     ; 0    ;
; Unconstrained Clocks            ; 0     ; 0    ;
; Unconstrained Input Ports       ; 9     ; 9    ;
; Unconstrained Input Port Paths  ; 147   ; 147  ;
; Unconstrained Output Ports      ; 26    ; 26   ;
; Unconstrained Output Port Paths ; 147   ; 147  ;
+---------------------------------+-------+------+


+------------------------------------+
; TimeQuest Timing Analyzer Messages ;
+------------------------------------+
Info: *******************************************************************
Info: Running Quartus II 64-Bit TimeQuest Timing Analyzer
    Info: Version 13.0.0 Build 156 04/24/2013 SJ Web Edition
    Info: Processing started: Fri Sep 17 08:44:12 2021
Info: Command: quartus_sta part4 -c part4
Info: qsta_default_script.tcl version: #1
Warning (20028): Parallel compilation is not licensed and has been disabled
Info (21077): Low junction temperature is 0 degrees C
Info (21077): High junction temperature is 85 degrees C
Critical Warning (332012): Synopsys Design Constraints File file not found: 'part4.sdc'. A Synopsys Design Constraints File is required by the TimeQuest Timing Analyzer to get proper timing constraints. Without it, the Compiler will not properly optimize the design.
Info (332142): No user constrained base clocks found in the design. Calling "derive_clocks -period 1.0"
Info (332096): The command derive_clocks did not find any clocks to derive.  No clocks were created or changed.
Warning (332068): No clocks defined in design.
Info: Found TIMEQUEST_REPORT_SCRIPT_INCLUDE_DEFAULT_ANALYSIS = ON
Info (332159): No clocks to report
Info: Analyzing Slow Model
Info (332140): No fmax paths to report
Info (332140): No Setup paths to report
Info (332140): No Hold paths to report
Info (332140): No Recovery paths to report
Info (332140): No Removal paths to report
Info (332140): No Minimum Pulse Width paths to report
Info (332001): The selected device family is not supported by the report_metastability command.
Info: Analyzing Fast Model
Info (332142): No user constrained base clocks found in the design. Calling "derive_clocks -period 1.0"
Info (332096): The command derive_clocks did not find any clocks to derive.  No clocks were created or changed.
Warning (332068): No clocks defined in design.
Info (332140): No Setup paths to report
Info (332140): No Hold paths to report
Info (332140): No Recovery paths to report
Info (332140): No Removal paths to report
Info (332140): No Minimum Pulse Width paths to report
Info (332001): The selected device family is not supported by the report_metastability command.
Info (332102): Design is not fully constrained for setup requirements
Info (332102): Design is not fully constrained for hold requirements
Info: Quartus II 64-Bit TimeQuest Timing Analyzer was successful. 0 errors, 4 warnings
    Info: Peak virtual memory: 4550 megabytes
    Info: Processing ended: Fri Sep 17 08:44:13 2021
    Info: Elapsed time: 00:00:01
    Info: Total CPU time (on all processors): 00:00:01


