TimeQuest Timing Analyzer report for part1
Thu Sep 16 20:35:03 2021
Quartus II 64-Bit Version 13.0.0 Build 156 04/24/2013 SJ Web Edition


---------------------
; Table of Contents ;
---------------------
  1. Legal Notice
  2. TimeQuest Timing Analyzer Summary
  3. Parallel Compilation
  4. Clocks
  5. Slow Model Fmax Summary
  6. Slow Model Setup Summary
  7. Slow Model Hold Summary
  8. Slow Model Recovery Summary
  9. Slow Model Removal Summary
 10. Slow Model Minimum Pulse Width Summary
 11. Propagation Delay
 12. Minimum Propagation Delay
 13. Fast Model Setup Summary
 14. Fast Model Hold Summary
 15. Fast Model Recovery Summary
 16. Fast Model Removal Summary
 17. Fast Model Minimum Pulse Width Summary
 18. Propagation Delay
 19. Minimum Propagation Delay
 20. Multicorner Timing Analysis Summary
 21. Progagation Delay
 22. Minimum Progagation Delay
 23. Clock Transfers
 24. Report TCCS
 25. Report RSKM
 26. Unconstrained Paths
 27. TimeQuest Timing Analyzer Messages



----------------
; Legal Notice ;
----------------
Copyright (C) 1991-2013 Altera Corporation
Your use of Altera Corporation's design tools, logic functions 
and other software and tools, and its AMPP partner logic 
functions, and any output files from any of the foregoing 
(including device programming or simulation files), and any 
associated documentation or information are expressly subject 
to the terms and conditions of the Altera Program License 
Subscription Agreement, Altera MegaCore Function License 
Agreement, or other applicable license agreement, including, 
without limitation, that your use is for the sole purpose of 
programming logic devices manufactured by Altera and sold by 
Altera or its authorized distributors.  Please refer to the 
applicable agreement for further details.



+-------------------------------------------------------------------------+
; TimeQuest Timing Analyzer Summary                                       ;
+--------------------+----------------------------------------------------+
; Quartus II Version ; Version 13.0.0 Build 156 04/24/2013 SJ Web Edition ;
; Revision Name      ; part1                                              ;
; Device Family      ; Cyclone II                                         ;
; Device Name        ; EP2C35F672C6                                       ;
; Timing Models      ; Final                                              ;
; Delay Model        ; Combined                                           ;
; Rise/Fall Delays   ; Unavailable                                        ;
+--------------------+----------------------------------------------------+


Parallel compilation was disabled, but you have multiple processors available. Enable parallel compilation to reduce compilation time.
+-------------------------------------+
; Parallel Compilation                ;
+----------------------------+--------+
; Processors                 ; Number ;
+----------------------------+--------+
; Number detected on machine ; 8      ;
; Maximum allowed            ; 1      ;
+----------------------------+--------+


----------
; Clocks ;
----------
No clocks to report.


---------------------------
; Slow Model Fmax Summary ;
---------------------------
No paths to report.


----------------------------
; Slow Model Setup Summary ;
----------------------------
No paths to report.


---------------------------
; Slow Model Hold Summary ;
---------------------------
No paths to report.


-------------------------------
; Slow Model Recovery Summary ;
-------------------------------
No paths to report.


------------------------------
; Slow Model Removal Summary ;
------------------------------
No paths to report.


------------------------------------------
; Slow Model Minimum Pulse Width Summary ;
------------------------------------------
No paths to report.


+--------------------------------------------------------------+
; Propagation Delay                                            ;
+------------+-------------+--------+--------+--------+--------+
; Input Port ; Output Port ; RR     ; RF     ; FR     ; FF     ;
+------------+-------------+--------+--------+--------+--------+
; SW[0]      ; HEX0[0]     ; 7.328  ; 7.328  ; 7.328  ; 7.328  ;
; SW[0]      ; HEX0[1]     ; 7.282  ; 7.282  ; 7.282  ; 7.282  ;
; SW[0]      ; HEX0[2]     ;        ; 7.304  ; 7.304  ;        ;
; SW[0]      ; HEX0[3]     ; 7.304  ; 7.304  ; 7.304  ; 7.304  ;
; SW[0]      ; HEX0[4]     ; 7.267  ;        ;        ; 7.267  ;
; SW[0]      ; HEX0[5]     ; 7.067  ;        ;        ; 7.067  ;
; SW[0]      ; HEX0[6]     ; 7.061  ;        ;        ; 7.061  ;
; SW[1]      ; HEX0[0]     ; 7.337  ; 7.337  ; 7.337  ; 7.337  ;
; SW[1]      ; HEX0[1]     ; 7.298  ; 7.298  ; 7.298  ; 7.298  ;
; SW[1]      ; HEX0[2]     ; 7.314  ;        ;        ; 7.314  ;
; SW[1]      ; HEX0[3]     ; 7.316  ; 7.316  ; 7.316  ; 7.316  ;
; SW[1]      ; HEX0[4]     ; 7.315  ; 7.315  ; 7.315  ; 7.315  ;
; SW[1]      ; HEX0[5]     ; 7.048  ;        ;        ; 7.048  ;
; SW[1]      ; HEX0[6]     ; 7.068  ; 7.068  ; 7.068  ; 7.068  ;
; SW[2]      ; HEX0[0]     ; 6.878  ; 6.878  ; 6.878  ; 6.878  ;
; SW[2]      ; HEX0[1]     ; 6.843  ;        ;        ; 6.843  ;
; SW[2]      ; HEX0[2]     ; 6.854  ; 6.854  ; 6.854  ; 6.854  ;
; SW[2]      ; HEX0[3]     ; 6.863  ; 6.863  ; 6.863  ; 6.863  ;
; SW[2]      ; HEX0[4]     ; 6.859  ;        ;        ; 6.859  ;
; SW[2]      ; HEX0[5]     ; 6.617  ; 6.617  ; 6.617  ; 6.617  ;
; SW[2]      ; HEX0[6]     ; 6.615  ; 6.615  ; 6.615  ; 6.615  ;
; SW[3]      ; HEX0[0]     ; 6.179  ; 6.179  ; 6.179  ; 6.179  ;
; SW[3]      ; HEX0[1]     ; 6.148  ;        ;        ; 6.148  ;
; SW[3]      ; HEX0[2]     ; 6.152  ;        ;        ; 6.152  ;
; SW[3]      ; HEX0[3]     ; 6.169  ; 6.169  ; 6.169  ; 6.169  ;
; SW[3]      ; HEX0[4]     ; 6.165  ;        ;        ; 6.165  ;
; SW[3]      ; HEX0[5]     ; 5.915  ; 5.915  ; 5.915  ; 5.915  ;
; SW[3]      ; HEX0[6]     ; 5.921  ; 5.921  ; 5.921  ; 5.921  ;
; SW[4]      ; HEX1[0]     ; 6.652  ; 6.652  ; 6.652  ; 6.652  ;
; SW[4]      ; HEX1[1]     ; 6.711  ; 6.711  ; 6.711  ; 6.711  ;
; SW[4]      ; HEX1[2]     ;        ; 6.312  ; 6.312  ;        ;
; SW[4]      ; HEX1[3]     ; 6.267  ; 6.267  ; 6.267  ; 6.267  ;
; SW[4]      ; HEX1[4]     ; 6.327  ;        ;        ; 6.327  ;
; SW[4]      ; HEX1[5]     ; 6.551  ;        ;        ; 6.551  ;
; SW[4]      ; HEX1[6]     ; 6.578  ;        ;        ; 6.578  ;
; SW[5]      ; HEX1[0]     ; 6.367  ; 6.367  ; 6.367  ; 6.367  ;
; SW[5]      ; HEX1[1]     ; 6.428  ; 6.428  ; 6.428  ; 6.428  ;
; SW[5]      ; HEX1[2]     ; 6.027  ;        ;        ; 6.027  ;
; SW[5]      ; HEX1[3]     ; 5.985  ; 5.985  ; 5.985  ; 5.985  ;
; SW[5]      ; HEX1[4]     ; 6.049  ; 6.049  ; 6.049  ; 6.049  ;
; SW[5]      ; HEX1[5]     ; 6.274  ;        ;        ; 6.274  ;
; SW[5]      ; HEX1[6]     ; 6.294  ; 6.294  ; 6.294  ; 6.294  ;
; SW[6]      ; HEX1[0]     ; 6.598  ; 6.598  ; 6.598  ; 6.598  ;
; SW[6]      ; HEX1[1]     ; 6.657  ;        ;        ; 6.657  ;
; SW[6]      ; HEX1[2]     ; 6.256  ; 6.256  ; 6.256  ; 6.256  ;
; SW[6]      ; HEX1[3]     ; 6.213  ; 6.213  ; 6.213  ; 6.213  ;
; SW[6]      ; HEX1[4]     ; 6.264  ;        ;        ; 6.264  ;
; SW[6]      ; HEX1[5]     ; 6.488  ; 6.488  ; 6.488  ; 6.488  ;
; SW[6]      ; HEX1[6]     ; 6.524  ; 6.524  ; 6.524  ; 6.524  ;
; SW[7]      ; HEX1[0]     ; 7.335  ; 7.335  ; 7.335  ; 7.335  ;
; SW[7]      ; HEX1[1]     ; 7.395  ;        ;        ; 7.395  ;
; SW[7]      ; HEX1[2]     ; 6.994  ;        ;        ; 6.994  ;
; SW[7]      ; HEX1[3]     ; 6.950  ; 6.950  ; 6.950  ; 6.950  ;
; SW[7]      ; HEX1[4]     ; 7.001  ;        ;        ; 7.001  ;
; SW[7]      ; HEX1[5]     ; 7.226  ; 7.226  ; 7.226  ; 7.226  ;
; SW[7]      ; HEX1[6]     ; 7.262  ; 7.262  ; 7.262  ; 7.262  ;
; SW[8]      ; HEX2[0]     ; 7.522  ; 7.522  ; 7.522  ; 7.522  ;
; SW[8]      ; HEX2[1]     ; 7.447  ; 7.447  ; 7.447  ; 7.447  ;
; SW[8]      ; HEX2[2]     ;        ; 7.522  ; 7.522  ;        ;
; SW[8]      ; HEX2[3]     ; 7.531  ; 7.531  ; 7.531  ; 7.531  ;
; SW[8]      ; HEX2[4]     ; 7.232  ;        ;        ; 7.232  ;
; SW[8]      ; HEX2[5]     ; 7.230  ;        ;        ; 7.230  ;
; SW[8]      ; HEX2[6]     ; 7.219  ;        ;        ; 7.219  ;
; SW[9]      ; HEX2[0]     ; 7.036  ; 7.036  ; 7.036  ; 7.036  ;
; SW[9]      ; HEX2[1]     ; 6.961  ; 6.961  ; 6.961  ; 6.961  ;
; SW[9]      ; HEX2[2]     ; 7.041  ;        ;        ; 7.041  ;
; SW[9]      ; HEX2[3]     ; 7.051  ; 7.051  ; 7.051  ; 7.051  ;
; SW[9]      ; HEX2[4]     ; 6.749  ; 6.749  ; 6.749  ; 6.749  ;
; SW[9]      ; HEX2[5]     ; 6.747  ;        ;        ; 6.747  ;
; SW[9]      ; HEX2[6]     ; 6.738  ; 6.738  ; 6.738  ; 6.738  ;
; SW[10]     ; HEX2[0]     ; 7.208  ; 7.208  ; 7.208  ; 7.208  ;
; SW[10]     ; HEX2[1]     ; 7.134  ;        ;        ; 7.134  ;
; SW[10]     ; HEX2[2]     ; 7.202  ; 7.202  ; 7.202  ; 7.202  ;
; SW[10]     ; HEX2[3]     ; 7.213  ; 7.213  ; 7.213  ; 7.213  ;
; SW[10]     ; HEX2[4]     ; 6.912  ;        ;        ; 6.912  ;
; SW[10]     ; HEX2[5]     ; 6.916  ; 6.916  ; 6.916  ; 6.916  ;
; SW[10]     ; HEX2[6]     ; 6.906  ; 6.906  ; 6.906  ; 6.906  ;
; SW[11]     ; HEX2[0]     ; 7.289  ; 7.289  ; 7.289  ; 7.289  ;
; SW[11]     ; HEX2[1]     ; 7.215  ;        ;        ; 7.215  ;
; SW[11]     ; HEX2[2]     ; 7.283  ;        ;        ; 7.283  ;
; SW[11]     ; HEX2[3]     ; 7.293  ; 7.293  ; 7.293  ; 7.293  ;
; SW[11]     ; HEX2[4]     ; 6.992  ;        ;        ; 6.992  ;
; SW[11]     ; HEX2[5]     ; 6.996  ; 6.996  ; 6.996  ; 6.996  ;
; SW[11]     ; HEX2[6]     ; 6.986  ; 6.986  ; 6.986  ; 6.986  ;
; SW[12]     ; HEX3[0]     ; 7.130  ; 7.130  ; 7.130  ; 7.130  ;
; SW[12]     ; HEX3[1]     ; 6.914  ; 6.914  ; 6.914  ; 6.914  ;
; SW[12]     ; HEX3[2]     ;        ; 6.909  ; 6.909  ;        ;
; SW[12]     ; HEX3[3]     ; 6.869  ; 6.869  ; 6.869  ; 6.869  ;
; SW[12]     ; HEX3[4]     ; 6.883  ;        ;        ; 6.883  ;
; SW[12]     ; HEX3[5]     ; 7.106  ;        ;        ; 7.106  ;
; SW[12]     ; HEX3[6]     ; 7.130  ;        ;        ; 7.130  ;
; SW[13]     ; HEX3[0]     ; 10.723 ; 10.723 ; 10.723 ; 10.723 ;
; SW[13]     ; HEX3[1]     ; 10.535 ; 10.535 ; 10.535 ; 10.535 ;
; SW[13]     ; HEX3[2]     ; 10.529 ;        ;        ; 10.529 ;
; SW[13]     ; HEX3[3]     ; 10.489 ; 10.489 ; 10.489 ; 10.489 ;
; SW[13]     ; HEX3[4]     ; 10.532 ; 10.532 ; 10.532 ; 10.532 ;
; SW[13]     ; HEX3[5]     ; 10.727 ;        ;        ; 10.727 ;
; SW[13]     ; HEX3[6]     ; 10.749 ; 10.749 ; 10.749 ; 10.749 ;
; SW[14]     ; HEX3[0]     ; 10.812 ; 10.812 ; 10.812 ; 10.812 ;
; SW[14]     ; HEX3[1]     ; 10.596 ;        ;        ; 10.596 ;
; SW[14]     ; HEX3[2]     ; 10.592 ; 10.592 ; 10.592 ; 10.592 ;
; SW[14]     ; HEX3[3]     ; 10.550 ; 10.550 ; 10.550 ; 10.550 ;
; SW[14]     ; HEX3[4]     ; 10.595 ;        ;        ; 10.595 ;
; SW[14]     ; HEX3[5]     ; 10.795 ; 10.795 ; 10.795 ; 10.795 ;
; SW[14]     ; HEX3[6]     ; 10.811 ; 10.811 ; 10.811 ; 10.811 ;
; SW[15]     ; HEX3[0]     ; 10.499 ; 10.499 ; 10.499 ; 10.499 ;
; SW[15]     ; HEX3[1]     ; 10.284 ;        ;        ; 10.284 ;
; SW[15]     ; HEX3[2]     ; 10.284 ;        ;        ; 10.284 ;
; SW[15]     ; HEX3[3]     ; 10.240 ; 10.240 ; 10.240 ; 10.240 ;
; SW[15]     ; HEX3[4]     ; 10.282 ;        ;        ; 10.282 ;
; SW[15]     ; HEX3[5]     ; 10.488 ; 10.488 ; 10.488 ; 10.488 ;
; SW[15]     ; HEX3[6]     ; 10.499 ; 10.499 ; 10.499 ; 10.499 ;
+------------+-------------+--------+--------+--------+--------+


+--------------------------------------------------------------+
; Minimum Propagation Delay                                    ;
+------------+-------------+--------+--------+--------+--------+
; Input Port ; Output Port ; RR     ; RF     ; FR     ; FF     ;
+------------+-------------+--------+--------+--------+--------+
; SW[0]      ; HEX0[0]     ; 7.328  ; 7.328  ; 7.328  ; 7.328  ;
; SW[0]      ; HEX0[1]     ; 7.282  ; 7.282  ; 7.282  ; 7.282  ;
; SW[0]      ; HEX0[2]     ;        ; 7.304  ; 7.304  ;        ;
; SW[0]      ; HEX0[3]     ; 7.304  ; 7.304  ; 7.304  ; 7.304  ;
; SW[0]      ; HEX0[4]     ; 7.267  ;        ;        ; 7.267  ;
; SW[0]      ; HEX0[5]     ; 7.067  ;        ;        ; 7.067  ;
; SW[0]      ; HEX0[6]     ; 7.061  ;        ;        ; 7.061  ;
; SW[1]      ; HEX0[0]     ; 7.337  ; 7.337  ; 7.337  ; 7.337  ;
; SW[1]      ; HEX0[1]     ; 7.298  ; 7.298  ; 7.298  ; 7.298  ;
; SW[1]      ; HEX0[2]     ; 7.314  ;        ;        ; 7.314  ;
; SW[1]      ; HEX0[3]     ; 7.316  ; 7.316  ; 7.316  ; 7.316  ;
; SW[1]      ; HEX0[4]     ; 7.315  ; 7.315  ; 7.315  ; 7.315  ;
; SW[1]      ; HEX0[5]     ; 7.048  ;        ;        ; 7.048  ;
; SW[1]      ; HEX0[6]     ; 7.068  ; 7.068  ; 7.068  ; 7.068  ;
; SW[2]      ; HEX0[0]     ; 6.878  ; 6.878  ; 6.878  ; 6.878  ;
; SW[2]      ; HEX0[1]     ; 6.843  ;        ;        ; 6.843  ;
; SW[2]      ; HEX0[2]     ; 6.854  ; 6.854  ; 6.854  ; 6.854  ;
; SW[2]      ; HEX0[3]     ; 6.863  ; 6.863  ; 6.863  ; 6.863  ;
; SW[2]      ; HEX0[4]     ; 6.859  ;        ;        ; 6.859  ;
; SW[2]      ; HEX0[5]     ; 6.617  ; 6.617  ; 6.617  ; 6.617  ;
; SW[2]      ; HEX0[6]     ; 6.615  ; 6.615  ; 6.615  ; 6.615  ;
; SW[3]      ; HEX0[0]     ; 6.179  ; 6.179  ; 6.179  ; 6.179  ;
; SW[3]      ; HEX0[1]     ; 6.148  ;        ;        ; 6.148  ;
; SW[3]      ; HEX0[2]     ; 6.152  ;        ;        ; 6.152  ;
; SW[3]      ; HEX0[3]     ; 6.169  ; 6.169  ; 6.169  ; 6.169  ;
; SW[3]      ; HEX0[4]     ; 6.165  ;        ;        ; 6.165  ;
; SW[3]      ; HEX0[5]     ; 5.915  ; 5.915  ; 5.915  ; 5.915  ;
; SW[3]      ; HEX0[6]     ; 5.921  ; 5.921  ; 5.921  ; 5.921  ;
; SW[4]      ; HEX1[0]     ; 6.652  ; 6.652  ; 6.652  ; 6.652  ;
; SW[4]      ; HEX1[1]     ; 6.711  ; 6.711  ; 6.711  ; 6.711  ;
; SW[4]      ; HEX1[2]     ;        ; 6.312  ; 6.312  ;        ;
; SW[4]      ; HEX1[3]     ; 6.267  ; 6.267  ; 6.267  ; 6.267  ;
; SW[4]      ; HEX1[4]     ; 6.327  ;        ;        ; 6.327  ;
; SW[4]      ; HEX1[5]     ; 6.551  ;        ;        ; 6.551  ;
; SW[4]      ; HEX1[6]     ; 6.578  ;        ;        ; 6.578  ;
; SW[5]      ; HEX1[0]     ; 6.367  ; 6.367  ; 6.367  ; 6.367  ;
; SW[5]      ; HEX1[1]     ; 6.428  ; 6.428  ; 6.428  ; 6.428  ;
; SW[5]      ; HEX1[2]     ; 6.027  ;        ;        ; 6.027  ;
; SW[5]      ; HEX1[3]     ; 5.985  ; 5.985  ; 5.985  ; 5.985  ;
; SW[5]      ; HEX1[4]     ; 6.049  ; 6.049  ; 6.049  ; 6.049  ;
; SW[5]      ; HEX1[5]     ; 6.274  ;        ;        ; 6.274  ;
; SW[5]      ; HEX1[6]     ; 6.294  ; 6.294  ; 6.294  ; 6.294  ;
; SW[6]      ; HEX1[0]     ; 6.598  ; 6.598  ; 6.598  ; 6.598  ;
; SW[6]      ; HEX1[1]     ; 6.657  ;        ;        ; 6.657  ;
; SW[6]      ; HEX1[2]     ; 6.256  ; 6.256  ; 6.256  ; 6.256  ;
; SW[6]      ; HEX1[3]     ; 6.213  ; 6.213  ; 6.213  ; 6.213  ;
; SW[6]      ; HEX1[4]     ; 6.264  ;        ;        ; 6.264  ;
; SW[6]      ; HEX1[5]     ; 6.488  ; 6.488  ; 6.488  ; 6.488  ;
; SW[6]      ; HEX1[6]     ; 6.524  ; 6.524  ; 6.524  ; 6.524  ;
; SW[7]      ; HEX1[0]     ; 7.335  ; 7.335  ; 7.335  ; 7.335  ;
; SW[7]      ; HEX1[1]     ; 7.395  ;        ;        ; 7.395  ;
; SW[7]      ; HEX1[2]     ; 6.994  ;        ;        ; 6.994  ;
; SW[7]      ; HEX1[3]     ; 6.950  ; 6.950  ; 6.950  ; 6.950  ;
; SW[7]      ; HEX1[4]     ; 7.001  ;        ;        ; 7.001  ;
; SW[7]      ; HEX1[5]     ; 7.226  ; 7.226  ; 7.226  ; 7.226  ;
; SW[7]      ; HEX1[6]     ; 7.262  ; 7.262  ; 7.262  ; 7.262  ;
; SW[8]      ; HEX2[0]     ; 7.522  ; 7.522  ; 7.522  ; 7.522  ;
; SW[8]      ; HEX2[1]     ; 7.447  ; 7.447  ; 7.447  ; 7.447  ;
; SW[8]      ; HEX2[2]     ;        ; 7.522  ; 7.522  ;        ;
; SW[8]      ; HEX2[3]     ; 7.531  ; 7.531  ; 7.531  ; 7.531  ;
; SW[8]      ; HEX2[4]     ; 7.232  ;        ;        ; 7.232  ;
; SW[8]      ; HEX2[5]     ; 7.230  ;        ;        ; 7.230  ;
; SW[8]      ; HEX2[6]     ; 7.219  ;        ;        ; 7.219  ;
; SW[9]      ; HEX2[0]     ; 7.036  ; 7.036  ; 7.036  ; 7.036  ;
; SW[9]      ; HEX2[1]     ; 6.961  ; 6.961  ; 6.961  ; 6.961  ;
; SW[9]      ; HEX2[2]     ; 7.041  ;        ;        ; 7.041  ;
; SW[9]      ; HEX2[3]     ; 7.051  ; 7.051  ; 7.051  ; 7.051  ;
; SW[9]      ; HEX2[4]     ; 6.749  ; 6.749  ; 6.749  ; 6.749  ;
; SW[9]      ; HEX2[5]     ; 6.747  ;        ;        ; 6.747  ;
; SW[9]      ; HEX2[6]     ; 6.738  ; 6.738  ; 6.738  ; 6.738  ;
; SW[10]     ; HEX2[0]     ; 7.208  ; 7.208  ; 7.208  ; 7.208  ;
; SW[10]     ; HEX2[1]     ; 7.134  ;        ;        ; 7.134  ;
; SW[10]     ; HEX2[2]     ; 7.202  ; 7.202  ; 7.202  ; 7.202  ;
; SW[10]     ; HEX2[3]     ; 7.213  ; 7.213  ; 7.213  ; 7.213  ;
; SW[10]     ; HEX2[4]     ; 6.912  ;        ;        ; 6.912  ;
; SW[10]     ; HEX2[5]     ; 6.916  ; 6.916  ; 6.916  ; 6.916  ;
; SW[10]     ; HEX2[6]     ; 6.906  ; 6.906  ; 6.906  ; 6.906  ;
; SW[11]     ; HEX2[0]     ; 7.289  ; 7.289  ; 7.289  ; 7.289  ;
; SW[11]     ; HEX2[1]     ; 7.215  ;        ;        ; 7.215  ;
; SW[11]     ; HEX2[2]     ; 7.283  ;        ;        ; 7.283  ;
; SW[11]     ; HEX2[3]     ; 7.293  ; 7.293  ; 7.293  ; 7.293  ;
; SW[11]     ; HEX2[4]     ; 6.992  ;        ;        ; 6.992  ;
; SW[11]     ; HEX2[5]     ; 6.996  ; 6.996  ; 6.996  ; 6.996  ;
; SW[11]     ; HEX2[6]     ; 6.986  ; 6.986  ; 6.986  ; 6.986  ;
; SW[12]     ; HEX3[0]     ; 7.130  ; 7.130  ; 7.130  ; 7.130  ;
; SW[12]     ; HEX3[1]     ; 6.914  ; 6.914  ; 6.914  ; 6.914  ;
; SW[12]     ; HEX3[2]     ;        ; 6.909  ; 6.909  ;        ;
; SW[12]     ; HEX3[3]     ; 6.869  ; 6.869  ; 6.869  ; 6.869  ;
; SW[12]     ; HEX3[4]     ; 6.883  ;        ;        ; 6.883  ;
; SW[12]     ; HEX3[5]     ; 7.106  ;        ;        ; 7.106  ;
; SW[12]     ; HEX3[6]     ; 7.130  ;        ;        ; 7.130  ;
; SW[13]     ; HEX3[0]     ; 10.723 ; 10.723 ; 10.723 ; 10.723 ;
; SW[13]     ; HEX3[1]     ; 10.535 ; 10.535 ; 10.535 ; 10.535 ;
; SW[13]     ; HEX3[2]     ; 10.529 ;        ;        ; 10.529 ;
; SW[13]     ; HEX3[3]     ; 10.489 ; 10.489 ; 10.489 ; 10.489 ;
; SW[13]     ; HEX3[4]     ; 10.532 ; 10.532 ; 10.532 ; 10.532 ;
; SW[13]     ; HEX3[5]     ; 10.727 ;        ;        ; 10.727 ;
; SW[13]     ; HEX3[6]     ; 10.749 ; 10.749 ; 10.749 ; 10.749 ;
; SW[14]     ; HEX3[0]     ; 10.812 ; 10.812 ; 10.812 ; 10.812 ;
; SW[14]     ; HEX3[1]     ; 10.596 ;        ;        ; 10.596 ;
; SW[14]     ; HEX3[2]     ; 10.592 ; 10.592 ; 10.592 ; 10.592 ;
; SW[14]     ; HEX3[3]     ; 10.550 ; 10.550 ; 10.550 ; 10.550 ;
; SW[14]     ; HEX3[4]     ; 10.595 ;        ;        ; 10.595 ;
; SW[14]     ; HEX3[5]     ; 10.795 ; 10.795 ; 10.795 ; 10.795 ;
; SW[14]     ; HEX3[6]     ; 10.811 ; 10.811 ; 10.811 ; 10.811 ;
; SW[15]     ; HEX3[0]     ; 10.499 ; 10.499 ; 10.499 ; 10.499 ;
; SW[15]     ; HEX3[1]     ; 10.284 ;        ;        ; 10.284 ;
; SW[15]     ; HEX3[2]     ; 10.284 ;        ;        ; 10.284 ;
; SW[15]     ; HEX3[3]     ; 10.240 ; 10.240 ; 10.240 ; 10.240 ;
; SW[15]     ; HEX3[4]     ; 10.282 ;        ;        ; 10.282 ;
; SW[15]     ; HEX3[5]     ; 10.488 ; 10.488 ; 10.488 ; 10.488 ;
; SW[15]     ; HEX3[6]     ; 10.499 ; 10.499 ; 10.499 ; 10.499 ;
+------------+-------------+--------+--------+--------+--------+


----------------------------
; Fast Model Setup Summary ;
----------------------------
No paths to report.


---------------------------
; Fast Model Hold Summary ;
---------------------------
No paths to report.


-------------------------------
; Fast Model Recovery Summary ;
-------------------------------
No paths to report.


------------------------------
; Fast Model Removal Summary ;
------------------------------
No paths to report.


------------------------------------------
; Fast Model Minimum Pulse Width Summary ;
------------------------------------------
No paths to report.


+----------------------------------------------------------+
; Propagation Delay                                        ;
+------------+-------------+-------+-------+-------+-------+
; Input Port ; Output Port ; RR    ; RF    ; FR    ; FF    ;
+------------+-------------+-------+-------+-------+-------+
; SW[0]      ; HEX0[0]     ; 3.851 ; 3.851 ; 3.851 ; 3.851 ;
; SW[0]      ; HEX0[1]     ; 3.813 ; 3.813 ; 3.813 ; 3.813 ;
; SW[0]      ; HEX0[2]     ;       ; 3.830 ; 3.830 ;       ;
; SW[0]      ; HEX0[3]     ; 3.835 ; 3.835 ; 3.835 ; 3.835 ;
; SW[0]      ; HEX0[4]     ; 3.830 ;       ;       ; 3.830 ;
; SW[0]      ; HEX0[5]     ; 3.723 ;       ;       ; 3.723 ;
; SW[0]      ; HEX0[6]     ; 3.720 ;       ;       ; 3.720 ;
; SW[1]      ; HEX0[0]     ; 3.825 ; 3.825 ; 3.825 ; 3.825 ;
; SW[1]      ; HEX0[1]     ; 3.793 ; 3.793 ; 3.793 ; 3.793 ;
; SW[1]      ; HEX0[2]     ; 3.805 ;       ;       ; 3.805 ;
; SW[1]      ; HEX0[3]     ; 3.814 ; 3.814 ; 3.814 ; 3.814 ;
; SW[1]      ; HEX0[4]     ; 3.812 ; 3.812 ; 3.812 ; 3.812 ;
; SW[1]      ; HEX0[5]     ; 3.697 ;       ;       ; 3.697 ;
; SW[1]      ; HEX0[6]     ; 3.697 ; 3.697 ; 3.697 ; 3.697 ;
; SW[2]      ; HEX0[0]     ; 3.663 ; 3.663 ; 3.663 ; 3.663 ;
; SW[2]      ; HEX0[1]     ; 3.634 ;       ;       ; 3.634 ;
; SW[2]      ; HEX0[2]     ; 3.641 ; 3.641 ; 3.641 ; 3.641 ;
; SW[2]      ; HEX0[3]     ; 3.655 ; 3.655 ; 3.655 ; 3.655 ;
; SW[2]      ; HEX0[4]     ; 3.652 ;       ;       ; 3.652 ;
; SW[2]      ; HEX0[5]     ; 3.534 ; 3.534 ; 3.534 ; 3.534 ;
; SW[2]      ; HEX0[6]     ; 3.535 ; 3.535 ; 3.535 ; 3.535 ;
; SW[3]      ; HEX0[0]     ; 3.237 ; 3.237 ; 3.237 ; 3.237 ;
; SW[3]      ; HEX0[1]     ; 3.211 ;       ;       ; 3.211 ;
; SW[3]      ; HEX0[2]     ; 3.217 ;       ;       ; 3.217 ;
; SW[3]      ; HEX0[3]     ; 3.230 ; 3.230 ; 3.230 ; 3.230 ;
; SW[3]      ; HEX0[4]     ; 3.229 ;       ;       ; 3.229 ;
; SW[3]      ; HEX0[5]     ; 3.110 ; 3.110 ; 3.110 ; 3.110 ;
; SW[3]      ; HEX0[6]     ; 3.115 ; 3.115 ; 3.115 ; 3.115 ;
; SW[4]      ; HEX1[0]     ; 3.452 ; 3.452 ; 3.452 ; 3.452 ;
; SW[4]      ; HEX1[1]     ; 3.471 ; 3.471 ; 3.471 ; 3.471 ;
; SW[4]      ; HEX1[2]     ;       ; 3.242 ; 3.242 ;       ;
; SW[4]      ; HEX1[3]     ; 3.220 ; 3.220 ; 3.220 ; 3.220 ;
; SW[4]      ; HEX1[4]     ; 3.261 ;       ;       ; 3.261 ;
; SW[4]      ; HEX1[5]     ; 3.348 ;       ;       ; 3.348 ;
; SW[4]      ; HEX1[6]     ; 3.377 ;       ;       ; 3.377 ;
; SW[5]      ; HEX1[0]     ; 3.324 ; 3.324 ; 3.324 ; 3.324 ;
; SW[5]      ; HEX1[1]     ; 3.348 ; 3.348 ; 3.348 ; 3.348 ;
; SW[5]      ; HEX1[2]     ; 3.120 ;       ;       ; 3.120 ;
; SW[5]      ; HEX1[3]     ; 3.096 ; 3.096 ; 3.096 ; 3.096 ;
; SW[5]      ; HEX1[4]     ; 3.141 ; 3.141 ; 3.141 ; 3.141 ;
; SW[5]      ; HEX1[5]     ; 3.230 ;       ;       ; 3.230 ;
; SW[5]      ; HEX1[6]     ; 3.249 ; 3.249 ; 3.249 ; 3.249 ;
; SW[6]      ; HEX1[0]     ; 3.442 ; 3.442 ; 3.442 ; 3.442 ;
; SW[6]      ; HEX1[1]     ; 3.465 ;       ;       ; 3.465 ;
; SW[6]      ; HEX1[2]     ; 3.236 ; 3.236 ; 3.236 ; 3.236 ;
; SW[6]      ; HEX1[3]     ; 3.210 ; 3.210 ; 3.210 ; 3.210 ;
; SW[6]      ; HEX1[4]     ; 3.245 ;       ;       ; 3.245 ;
; SW[6]      ; HEX1[5]     ; 3.338 ; 3.338 ; 3.338 ; 3.338 ;
; SW[6]      ; HEX1[6]     ; 3.368 ; 3.368 ; 3.368 ; 3.368 ;
; SW[7]      ; HEX1[0]     ; 3.896 ; 3.896 ; 3.896 ; 3.896 ;
; SW[7]      ; HEX1[1]     ; 3.912 ;       ;       ; 3.912 ;
; SW[7]      ; HEX1[2]     ; 3.683 ;       ;       ; 3.683 ;
; SW[7]      ; HEX1[3]     ; 3.658 ; 3.658 ; 3.658 ; 3.658 ;
; SW[7]      ; HEX1[4]     ; 3.694 ;       ;       ; 3.694 ;
; SW[7]      ; HEX1[5]     ; 3.783 ; 3.783 ; 3.783 ; 3.783 ;
; SW[7]      ; HEX1[6]     ; 3.814 ; 3.814 ; 3.814 ; 3.814 ;
; SW[8]      ; HEX2[0]     ; 3.971 ; 3.971 ; 3.971 ; 3.971 ;
; SW[8]      ; HEX2[1]     ; 3.907 ; 3.907 ; 3.907 ; 3.907 ;
; SW[8]      ; HEX2[2]     ;       ; 3.966 ; 3.966 ;       ;
; SW[8]      ; HEX2[3]     ; 3.982 ; 3.982 ; 3.982 ; 3.982 ;
; SW[8]      ; HEX2[4]     ; 3.835 ;       ;       ; 3.835 ;
; SW[8]      ; HEX2[5]     ; 3.831 ;       ;       ; 3.831 ;
; SW[8]      ; HEX2[6]     ; 3.825 ;       ;       ; 3.825 ;
; SW[9]      ; HEX2[0]     ; 3.698 ; 3.698 ; 3.698 ; 3.698 ;
; SW[9]      ; HEX2[1]     ; 3.637 ; 3.637 ; 3.637 ; 3.637 ;
; SW[9]      ; HEX2[2]     ; 3.703 ;       ;       ; 3.703 ;
; SW[9]      ; HEX2[3]     ; 3.713 ; 3.713 ; 3.713 ; 3.713 ;
; SW[9]      ; HEX2[4]     ; 3.568 ; 3.568 ; 3.568 ; 3.568 ;
; SW[9]      ; HEX2[5]     ; 3.565 ;       ;       ; 3.565 ;
; SW[9]      ; HEX2[6]     ; 3.556 ; 3.556 ; 3.556 ; 3.556 ;
; SW[10]     ; HEX2[0]     ; 3.788 ; 3.788 ; 3.788 ; 3.788 ;
; SW[10]     ; HEX2[1]     ; 3.727 ;       ;       ; 3.727 ;
; SW[10]     ; HEX2[2]     ; 3.780 ; 3.780 ; 3.780 ; 3.780 ;
; SW[10]     ; HEX2[3]     ; 3.792 ; 3.792 ; 3.792 ; 3.792 ;
; SW[10]     ; HEX2[4]     ; 3.647 ;       ;       ; 3.647 ;
; SW[10]     ; HEX2[5]     ; 3.652 ; 3.652 ; 3.652 ; 3.652 ;
; SW[10]     ; HEX2[6]     ; 3.639 ; 3.639 ; 3.639 ; 3.639 ;
; SW[11]     ; HEX2[0]     ; 3.799 ; 3.799 ; 3.799 ; 3.799 ;
; SW[11]     ; HEX2[1]     ; 3.730 ;       ;       ; 3.730 ;
; SW[11]     ; HEX2[2]     ; 3.788 ;       ;       ; 3.788 ;
; SW[11]     ; HEX2[3]     ; 3.796 ; 3.796 ; 3.796 ; 3.796 ;
; SW[11]     ; HEX2[4]     ; 3.650 ;       ;       ; 3.650 ;
; SW[11]     ; HEX2[5]     ; 3.654 ; 3.654 ; 3.654 ; 3.654 ;
; SW[11]     ; HEX2[6]     ; 3.643 ; 3.643 ; 3.643 ; 3.643 ;
; SW[12]     ; HEX3[0]     ; 3.712 ; 3.712 ; 3.712 ; 3.712 ;
; SW[12]     ; HEX3[1]     ; 3.634 ; 3.634 ; 3.634 ; 3.634 ;
; SW[12]     ; HEX3[2]     ;       ; 3.627 ; 3.627 ;       ;
; SW[12]     ; HEX3[3]     ; 3.606 ; 3.606 ; 3.606 ; 3.606 ;
; SW[12]     ; HEX3[4]     ; 3.633 ;       ;       ; 3.633 ;
; SW[12]     ; HEX3[5]     ; 3.690 ;       ;       ; 3.690 ;
; SW[12]     ; HEX3[6]     ; 3.713 ;       ;       ; 3.713 ;
; SW[13]     ; HEX3[0]     ; 5.951 ; 5.951 ; 5.951 ; 5.951 ;
; SW[13]     ; HEX3[1]     ; 5.873 ; 5.873 ; 5.873 ; 5.873 ;
; SW[13]     ; HEX3[2]     ; 5.864 ;       ;       ; 5.864 ;
; SW[13]     ; HEX3[3]     ; 5.846 ; 5.846 ; 5.846 ; 5.846 ;
; SW[13]     ; HEX3[4]     ; 5.869 ; 5.869 ; 5.869 ; 5.869 ;
; SW[13]     ; HEX3[5]     ; 5.928 ;       ;       ; 5.928 ;
; SW[13]     ; HEX3[6]     ; 5.952 ; 5.952 ; 5.952 ; 5.952 ;
; SW[14]     ; HEX3[0]     ; 5.996 ; 5.996 ; 5.996 ; 5.996 ;
; SW[14]     ; HEX3[1]     ; 5.917 ;       ;       ; 5.917 ;
; SW[14]     ; HEX3[2]     ; 5.912 ; 5.912 ; 5.912 ; 5.912 ;
; SW[14]     ; HEX3[3]     ; 5.890 ; 5.890 ; 5.890 ; 5.890 ;
; SW[14]     ; HEX3[4]     ; 5.917 ;       ;       ; 5.917 ;
; SW[14]     ; HEX3[5]     ; 5.982 ; 5.982 ; 5.982 ; 5.982 ;
; SW[14]     ; HEX3[6]     ; 5.997 ; 5.997 ; 5.997 ; 5.997 ;
; SW[15]     ; HEX3[0]     ; 5.845 ; 5.845 ; 5.845 ; 5.845 ;
; SW[15]     ; HEX3[1]     ; 5.765 ;       ;       ; 5.765 ;
; SW[15]     ; HEX3[2]     ; 5.765 ;       ;       ; 5.765 ;
; SW[15]     ; HEX3[3]     ; 5.742 ; 5.742 ; 5.742 ; 5.742 ;
; SW[15]     ; HEX3[4]     ; 5.765 ;       ;       ; 5.765 ;
; SW[15]     ; HEX3[5]     ; 5.835 ; 5.835 ; 5.835 ; 5.835 ;
; SW[15]     ; HEX3[6]     ; 5.845 ; 5.845 ; 5.845 ; 5.845 ;
+------------+-------------+-------+-------+-------+-------+


+----------------------------------------------------------+
; Minimum Propagation Delay                                ;
+------------+-------------+-------+-------+-------+-------+
; Input Port ; Output Port ; RR    ; RF    ; FR    ; FF    ;
+------------+-------------+-------+-------+-------+-------+
; SW[0]      ; HEX0[0]     ; 3.851 ; 3.851 ; 3.851 ; 3.851 ;
; SW[0]      ; HEX0[1]     ; 3.813 ; 3.813 ; 3.813 ; 3.813 ;
; SW[0]      ; HEX0[2]     ;       ; 3.830 ; 3.830 ;       ;
; SW[0]      ; HEX0[3]     ; 3.835 ; 3.835 ; 3.835 ; 3.835 ;
; SW[0]      ; HEX0[4]     ; 3.830 ;       ;       ; 3.830 ;
; SW[0]      ; HEX0[5]     ; 3.723 ;       ;       ; 3.723 ;
; SW[0]      ; HEX0[6]     ; 3.720 ;       ;       ; 3.720 ;
; SW[1]      ; HEX0[0]     ; 3.825 ; 3.825 ; 3.825 ; 3.825 ;
; SW[1]      ; HEX0[1]     ; 3.793 ; 3.793 ; 3.793 ; 3.793 ;
; SW[1]      ; HEX0[2]     ; 3.805 ;       ;       ; 3.805 ;
; SW[1]      ; HEX0[3]     ; 3.814 ; 3.814 ; 3.814 ; 3.814 ;
; SW[1]      ; HEX0[4]     ; 3.812 ; 3.812 ; 3.812 ; 3.812 ;
; SW[1]      ; HEX0[5]     ; 3.697 ;       ;       ; 3.697 ;
; SW[1]      ; HEX0[6]     ; 3.697 ; 3.697 ; 3.697 ; 3.697 ;
; SW[2]      ; HEX0[0]     ; 3.663 ; 3.663 ; 3.663 ; 3.663 ;
; SW[2]      ; HEX0[1]     ; 3.634 ;       ;       ; 3.634 ;
; SW[2]      ; HEX0[2]     ; 3.641 ; 3.641 ; 3.641 ; 3.641 ;
; SW[2]      ; HEX0[3]     ; 3.655 ; 3.655 ; 3.655 ; 3.655 ;
; SW[2]      ; HEX0[4]     ; 3.652 ;       ;       ; 3.652 ;
; SW[2]      ; HEX0[5]     ; 3.534 ; 3.534 ; 3.534 ; 3.534 ;
; SW[2]      ; HEX0[6]     ; 3.535 ; 3.535 ; 3.535 ; 3.535 ;
; SW[3]      ; HEX0[0]     ; 3.237 ; 3.237 ; 3.237 ; 3.237 ;
; SW[3]      ; HEX0[1]     ; 3.211 ;       ;       ; 3.211 ;
; SW[3]      ; HEX0[2]     ; 3.217 ;       ;       ; 3.217 ;
; SW[3]      ; HEX0[3]     ; 3.230 ; 3.230 ; 3.230 ; 3.230 ;
; SW[3]      ; HEX0[4]     ; 3.229 ;       ;       ; 3.229 ;
; SW[3]      ; HEX0[5]     ; 3.110 ; 3.110 ; 3.110 ; 3.110 ;
; SW[3]      ; HEX0[6]     ; 3.115 ; 3.115 ; 3.115 ; 3.115 ;
; SW[4]      ; HEX1[0]     ; 3.452 ; 3.452 ; 3.452 ; 3.452 ;
; SW[4]      ; HEX1[1]     ; 3.471 ; 3.471 ; 3.471 ; 3.471 ;
; SW[4]      ; HEX1[2]     ;       ; 3.242 ; 3.242 ;       ;
; SW[4]      ; HEX1[3]     ; 3.220 ; 3.220 ; 3.220 ; 3.220 ;
; SW[4]      ; HEX1[4]     ; 3.261 ;       ;       ; 3.261 ;
; SW[4]      ; HEX1[5]     ; 3.348 ;       ;       ; 3.348 ;
; SW[4]      ; HEX1[6]     ; 3.377 ;       ;       ; 3.377 ;
; SW[5]      ; HEX1[0]     ; 3.324 ; 3.324 ; 3.324 ; 3.324 ;
; SW[5]      ; HEX1[1]     ; 3.348 ; 3.348 ; 3.348 ; 3.348 ;
; SW[5]      ; HEX1[2]     ; 3.120 ;       ;       ; 3.120 ;
; SW[5]      ; HEX1[3]     ; 3.096 ; 3.096 ; 3.096 ; 3.096 ;
; SW[5]      ; HEX1[4]     ; 3.141 ; 3.141 ; 3.141 ; 3.141 ;
; SW[5]      ; HEX1[5]     ; 3.230 ;       ;       ; 3.230 ;
; SW[5]      ; HEX1[6]     ; 3.249 ; 3.249 ; 3.249 ; 3.249 ;
; SW[6]      ; HEX1[0]     ; 3.442 ; 3.442 ; 3.442 ; 3.442 ;
; SW[6]      ; HEX1[1]     ; 3.465 ;       ;       ; 3.465 ;
; SW[6]      ; HEX1[2]     ; 3.236 ; 3.236 ; 3.236 ; 3.236 ;
; SW[6]      ; HEX1[3]     ; 3.210 ; 3.210 ; 3.210 ; 3.210 ;
; SW[6]      ; HEX1[4]     ; 3.245 ;       ;       ; 3.245 ;
; SW[6]      ; HEX1[5]     ; 3.338 ; 3.338 ; 3.338 ; 3.338 ;
; SW[6]      ; HEX1[6]     ; 3.368 ; 3.368 ; 3.368 ; 3.368 ;
; SW[7]      ; HEX1[0]     ; 3.896 ; 3.896 ; 3.896 ; 3.896 ;
; SW[7]      ; HEX1[1]     ; 3.912 ;       ;       ; 3.912 ;
; SW[7]      ; HEX1[2]     ; 3.683 ;       ;       ; 3.683 ;
; SW[7]      ; HEX1[3]     ; 3.658 ; 3.658 ; 3.658 ; 3.658 ;
; SW[7]      ; HEX1[4]     ; 3.694 ;       ;       ; 3.694 ;
; SW[7]      ; HEX1[5]     ; 3.783 ; 3.783 ; 3.783 ; 3.783 ;
; SW[7]      ; HEX1[6]     ; 3.814 ; 3.814 ; 3.814 ; 3.814 ;
; SW[8]      ; HEX2[0]     ; 3.971 ; 3.971 ; 3.971 ; 3.971 ;
; SW[8]      ; HEX2[1]     ; 3.907 ; 3.907 ; 3.907 ; 3.907 ;
; SW[8]      ; HEX2[2]     ;       ; 3.966 ; 3.966 ;       ;
; SW[8]      ; HEX2[3]     ; 3.982 ; 3.982 ; 3.982 ; 3.982 ;
; SW[8]      ; HEX2[4]     ; 3.835 ;       ;       ; 3.835 ;
; SW[8]      ; HEX2[5]     ; 3.831 ;       ;       ; 3.831 ;
; SW[8]      ; HEX2[6]     ; 3.825 ;       ;       ; 3.825 ;
; SW[9]      ; HEX2[0]     ; 3.698 ; 3.698 ; 3.698 ; 3.698 ;
; SW[9]      ; HEX2[1]     ; 3.637 ; 3.637 ; 3.637 ; 3.637 ;
; SW[9]      ; HEX2[2]     ; 3.703 ;       ;       ; 3.703 ;
; SW[9]      ; HEX2[3]     ; 3.713 ; 3.713 ; 3.713 ; 3.713 ;
; SW[9]      ; HEX2[4]     ; 3.568 ; 3.568 ; 3.568 ; 3.568 ;
; SW[9]      ; HEX2[5]     ; 3.565 ;       ;       ; 3.565 ;
; SW[9]      ; HEX2[6]     ; 3.556 ; 3.556 ; 3.556 ; 3.556 ;
; SW[10]     ; HEX2[0]     ; 3.788 ; 3.788 ; 3.788 ; 3.788 ;
; SW[10]     ; HEX2[1]     ; 3.727 ;       ;       ; 3.727 ;
; SW[10]     ; HEX2[2]     ; 3.780 ; 3.780 ; 3.780 ; 3.780 ;
; SW[10]     ; HEX2[3]     ; 3.792 ; 3.792 ; 3.792 ; 3.792 ;
; SW[10]     ; HEX2[4]     ; 3.647 ;       ;       ; 3.647 ;
; SW[10]     ; HEX2[5]     ; 3.652 ; 3.652 ; 3.652 ; 3.652 ;
; SW[10]     ; HEX2[6]     ; 3.639 ; 3.639 ; 3.639 ; 3.639 ;
; SW[11]     ; HEX2[0]     ; 3.799 ; 3.799 ; 3.799 ; 3.799 ;
; SW[11]     ; HEX2[1]     ; 3.730 ;       ;       ; 3.730 ;
; SW[11]     ; HEX2[2]     ; 3.788 ;       ;       ; 3.788 ;
; SW[11]     ; HEX2[3]     ; 3.796 ; 3.796 ; 3.796 ; 3.796 ;
; SW[11]     ; HEX2[4]     ; 3.650 ;       ;       ; 3.650 ;
; SW[11]     ; HEX2[5]     ; 3.654 ; 3.654 ; 3.654 ; 3.654 ;
; SW[11]     ; HEX2[6]     ; 3.643 ; 3.643 ; 3.643 ; 3.643 ;
; SW[12]     ; HEX3[0]     ; 3.712 ; 3.712 ; 3.712 ; 3.712 ;
; SW[12]     ; HEX3[1]     ; 3.634 ; 3.634 ; 3.634 ; 3.634 ;
; SW[12]     ; HEX3[2]     ;       ; 3.627 ; 3.627 ;       ;
; SW[12]     ; HEX3[3]     ; 3.606 ; 3.606 ; 3.606 ; 3.606 ;
; SW[12]     ; HEX3[4]     ; 3.633 ;       ;       ; 3.633 ;
; SW[12]     ; HEX3[5]     ; 3.690 ;       ;       ; 3.690 ;
; SW[12]     ; HEX3[6]     ; 3.713 ;       ;       ; 3.713 ;
; SW[13]     ; HEX3[0]     ; 5.951 ; 5.951 ; 5.951 ; 5.951 ;
; SW[13]     ; HEX3[1]     ; 5.873 ; 5.873 ; 5.873 ; 5.873 ;
; SW[13]     ; HEX3[2]     ; 5.864 ;       ;       ; 5.864 ;
; SW[13]     ; HEX3[3]     ; 5.846 ; 5.846 ; 5.846 ; 5.846 ;
; SW[13]     ; HEX3[4]     ; 5.869 ; 5.869 ; 5.869 ; 5.869 ;
; SW[13]     ; HEX3[5]     ; 5.928 ;       ;       ; 5.928 ;
; SW[13]     ; HEX3[6]     ; 5.952 ; 5.952 ; 5.952 ; 5.952 ;
; SW[14]     ; HEX3[0]     ; 5.996 ; 5.996 ; 5.996 ; 5.996 ;
; SW[14]     ; HEX3[1]     ; 5.917 ;       ;       ; 5.917 ;
; SW[14]     ; HEX3[2]     ; 5.912 ; 5.912 ; 5.912 ; 5.912 ;
; SW[14]     ; HEX3[3]     ; 5.890 ; 5.890 ; 5.890 ; 5.890 ;
; SW[14]     ; HEX3[4]     ; 5.917 ;       ;       ; 5.917 ;
; SW[14]     ; HEX3[5]     ; 5.982 ; 5.982 ; 5.982 ; 5.982 ;
; SW[14]     ; HEX3[6]     ; 5.997 ; 5.997 ; 5.997 ; 5.997 ;
; SW[15]     ; HEX3[0]     ; 5.845 ; 5.845 ; 5.845 ; 5.845 ;
; SW[15]     ; HEX3[1]     ; 5.765 ;       ;       ; 5.765 ;
; SW[15]     ; HEX3[2]     ; 5.765 ;       ;       ; 5.765 ;
; SW[15]     ; HEX3[3]     ; 5.742 ; 5.742 ; 5.742 ; 5.742 ;
; SW[15]     ; HEX3[4]     ; 5.765 ;       ;       ; 5.765 ;
; SW[15]     ; HEX3[5]     ; 5.835 ; 5.835 ; 5.835 ; 5.835 ;
; SW[15]     ; HEX3[6]     ; 5.845 ; 5.845 ; 5.845 ; 5.845 ;
+------------+-------------+-------+-------+-------+-------+


+----------------------------------------------------------------------------+
; Multicorner Timing Analysis Summary                                        ;
+------------------+-------+------+----------+---------+---------------------+
; Clock            ; Setup ; Hold ; Recovery ; Removal ; Minimum Pulse Width ;
+------------------+-------+------+----------+---------+---------------------+
; Worst-case Slack ; N/A   ; N/A  ; N/A      ; N/A     ; N/A                 ;
; Design-wide TNS  ; 0.0   ; 0.0  ; 0.0      ; 0.0     ; 0.0                 ;
+------------------+-------+------+----------+---------+---------------------+


+--------------------------------------------------------------+
; Progagation Delay                                            ;
+------------+-------------+--------+--------+--------+--------+
; Input Port ; Output Port ; RR     ; RF     ; FR     ; FF     ;
+------------+-------------+--------+--------+--------+--------+
; SW[0]      ; HEX0[0]     ; 7.328  ; 7.328  ; 7.328  ; 7.328  ;
; SW[0]      ; HEX0[1]     ; 7.282  ; 7.282  ; 7.282  ; 7.282  ;
; SW[0]      ; HEX0[2]     ;        ; 7.304  ; 7.304  ;        ;
; SW[0]      ; HEX0[3]     ; 7.304  ; 7.304  ; 7.304  ; 7.304  ;
; SW[0]      ; HEX0[4]     ; 7.267  ;        ;        ; 7.267  ;
; SW[0]      ; HEX0[5]     ; 7.067  ;        ;        ; 7.067  ;
; SW[0]      ; HEX0[6]     ; 7.061  ;        ;        ; 7.061  ;
; SW[1]      ; HEX0[0]     ; 7.337  ; 7.337  ; 7.337  ; 7.337  ;
; SW[1]      ; HEX0[1]     ; 7.298  ; 7.298  ; 7.298  ; 7.298  ;
; SW[1]      ; HEX0[2]     ; 7.314  ;        ;        ; 7.314  ;
; SW[1]      ; HEX0[3]     ; 7.316  ; 7.316  ; 7.316  ; 7.316  ;
; SW[1]      ; HEX0[4]     ; 7.315  ; 7.315  ; 7.315  ; 7.315  ;
; SW[1]      ; HEX0[5]     ; 7.048  ;        ;        ; 7.048  ;
; SW[1]      ; HEX0[6]     ; 7.068  ; 7.068  ; 7.068  ; 7.068  ;
; SW[2]      ; HEX0[0]     ; 6.878  ; 6.878  ; 6.878  ; 6.878  ;
; SW[2]      ; HEX0[1]     ; 6.843  ;        ;        ; 6.843  ;
; SW[2]      ; HEX0[2]     ; 6.854  ; 6.854  ; 6.854  ; 6.854  ;
; SW[2]      ; HEX0[3]     ; 6.863  ; 6.863  ; 6.863  ; 6.863  ;
; SW[2]      ; HEX0[4]     ; 6.859  ;        ;        ; 6.859  ;
; SW[2]      ; HEX0[5]     ; 6.617  ; 6.617  ; 6.617  ; 6.617  ;
; SW[2]      ; HEX0[6]     ; 6.615  ; 6.615  ; 6.615  ; 6.615  ;
; SW[3]      ; HEX0[0]     ; 6.179  ; 6.179  ; 6.179  ; 6.179  ;
; SW[3]      ; HEX0[1]     ; 6.148  ;        ;        ; 6.148  ;
; SW[3]      ; HEX0[2]     ; 6.152  ;        ;        ; 6.152  ;
; SW[3]      ; HEX0[3]     ; 6.169  ; 6.169  ; 6.169  ; 6.169  ;
; SW[3]      ; HEX0[4]     ; 6.165  ;        ;        ; 6.165  ;
; SW[3]      ; HEX0[5]     ; 5.915  ; 5.915  ; 5.915  ; 5.915  ;
; SW[3]      ; HEX0[6]     ; 5.921  ; 5.921  ; 5.921  ; 5.921  ;
; SW[4]      ; HEX1[0]     ; 6.652  ; 6.652  ; 6.652  ; 6.652  ;
; SW[4]      ; HEX1[1]     ; 6.711  ; 6.711  ; 6.711  ; 6.711  ;
; SW[4]      ; HEX1[2]     ;        ; 6.312  ; 6.312  ;        ;
; SW[4]      ; HEX1[3]     ; 6.267  ; 6.267  ; 6.267  ; 6.267  ;
; SW[4]      ; HEX1[4]     ; 6.327  ;        ;        ; 6.327  ;
; SW[4]      ; HEX1[5]     ; 6.551  ;        ;        ; 6.551  ;
; SW[4]      ; HEX1[6]     ; 6.578  ;        ;        ; 6.578  ;
; SW[5]      ; HEX1[0]     ; 6.367  ; 6.367  ; 6.367  ; 6.367  ;
; SW[5]      ; HEX1[1]     ; 6.428  ; 6.428  ; 6.428  ; 6.428  ;
; SW[5]      ; HEX1[2]     ; 6.027  ;        ;        ; 6.027  ;
; SW[5]      ; HEX1[3]     ; 5.985  ; 5.985  ; 5.985  ; 5.985  ;
; SW[5]      ; HEX1[4]     ; 6.049  ; 6.049  ; 6.049  ; 6.049  ;
; SW[5]      ; HEX1[5]     ; 6.274  ;        ;        ; 6.274  ;
; SW[5]      ; HEX1[6]     ; 6.294  ; 6.294  ; 6.294  ; 6.294  ;
; SW[6]      ; HEX1[0]     ; 6.598  ; 6.598  ; 6.598  ; 6.598  ;
; SW[6]      ; HEX1[1]     ; 6.657  ;        ;        ; 6.657  ;
; SW[6]      ; HEX1[2]     ; 6.256  ; 6.256  ; 6.256  ; 6.256  ;
; SW[6]      ; HEX1[3]     ; 6.213  ; 6.213  ; 6.213  ; 6.213  ;
; SW[6]      ; HEX1[4]     ; 6.264  ;        ;        ; 6.264  ;
; SW[6]      ; HEX1[5]     ; 6.488  ; 6.488  ; 6.488  ; 6.488  ;
; SW[6]      ; HEX1[6]     ; 6.524  ; 6.524  ; 6.524  ; 6.524  ;
; SW[7]      ; HEX1[0]     ; 7.335  ; 7.335  ; 7.335  ; 7.335  ;
; SW[7]      ; HEX1[1]     ; 7.395  ;        ;        ; 7.395  ;
; SW[7]      ; HEX1[2]     ; 6.994  ;        ;        ; 6.994  ;
; SW[7]      ; HEX1[3]     ; 6.950  ; 6.950  ; 6.950  ; 6.950  ;
; SW[7]      ; HEX1[4]     ; 7.001  ;        ;        ; 7.001  ;
; SW[7]      ; HEX1[5]     ; 7.226  ; 7.226  ; 7.226  ; 7.226  ;
; SW[7]      ; HEX1[6]     ; 7.262  ; 7.262  ; 7.262  ; 7.262  ;
; SW[8]      ; HEX2[0]     ; 7.522  ; 7.522  ; 7.522  ; 7.522  ;
; SW[8]      ; HEX2[1]     ; 7.447  ; 7.447  ; 7.447  ; 7.447  ;
; SW[8]      ; HEX2[2]     ;        ; 7.522  ; 7.522  ;        ;
; SW[8]      ; HEX2[3]     ; 7.531  ; 7.531  ; 7.531  ; 7.531  ;
; SW[8]      ; HEX2[4]     ; 7.232  ;        ;        ; 7.232  ;
; SW[8]      ; HEX2[5]     ; 7.230  ;        ;        ; 7.230  ;
; SW[8]      ; HEX2[6]     ; 7.219  ;        ;        ; 7.219  ;
; SW[9]      ; HEX2[0]     ; 7.036  ; 7.036  ; 7.036  ; 7.036  ;
; SW[9]      ; HEX2[1]     ; 6.961  ; 6.961  ; 6.961  ; 6.961  ;
; SW[9]      ; HEX2[2]     ; 7.041  ;        ;        ; 7.041  ;
; SW[9]      ; HEX2[3]     ; 7.051  ; 7.051  ; 7.051  ; 7.051  ;
; SW[9]      ; HEX2[4]     ; 6.749  ; 6.749  ; 6.749  ; 6.749  ;
; SW[9]      ; HEX2[5]     ; 6.747  ;        ;        ; 6.747  ;
; SW[9]      ; HEX2[6]     ; 6.738  ; 6.738  ; 6.738  ; 6.738  ;
; SW[10]     ; HEX2[0]     ; 7.208  ; 7.208  ; 7.208  ; 7.208  ;
; SW[10]     ; HEX2[1]     ; 7.134  ;        ;        ; 7.134  ;
; SW[10]     ; HEX2[2]     ; 7.202  ; 7.202  ; 7.202  ; 7.202  ;
; SW[10]     ; HEX2[3]     ; 7.213  ; 7.213  ; 7.213  ; 7.213  ;
; SW[10]     ; HEX2[4]     ; 6.912  ;        ;        ; 6.912  ;
; SW[10]     ; HEX2[5]     ; 6.916  ; 6.916  ; 6.916  ; 6.916  ;
; SW[10]     ; HEX2[6]     ; 6.906  ; 6.906  ; 6.906  ; 6.906  ;
; SW[11]     ; HEX2[0]     ; 7.289  ; 7.289  ; 7.289  ; 7.289  ;
; SW[11]     ; HEX2[1]     ; 7.215  ;        ;        ; 7.215  ;
; SW[11]     ; HEX2[2]     ; 7.283  ;        ;        ; 7.283  ;
; SW[11]     ; HEX2[3]     ; 7.293  ; 7.293  ; 7.293  ; 7.293  ;
; SW[11]     ; HEX2[4]     ; 6.992  ;        ;        ; 6.992  ;
; SW[11]     ; HEX2[5]     ; 6.996  ; 6.996  ; 6.996  ; 6.996  ;
; SW[11]     ; HEX2[6]     ; 6.986  ; 6.986  ; 6.986  ; 6.986  ;
; SW[12]     ; HEX3[0]     ; 7.130  ; 7.130  ; 7.130  ; 7.130  ;
; SW[12]     ; HEX3[1]     ; 6.914  ; 6.914  ; 6.914  ; 6.914  ;
; SW[12]     ; HEX3[2]     ;        ; 6.909  ; 6.909  ;        ;
; SW[12]     ; HEX3[3]     ; 6.869  ; 6.869  ; 6.869  ; 6.869  ;
; SW[12]     ; HEX3[4]     ; 6.883  ;        ;        ; 6.883  ;
; SW[12]     ; HEX3[5]     ; 7.106  ;        ;        ; 7.106  ;
; SW[12]     ; HEX3[6]     ; 7.130  ;        ;        ; 7.130  ;
; SW[13]     ; HEX3[0]     ; 10.723 ; 10.723 ; 10.723 ; 10.723 ;
; SW[13]     ; HEX3[1]     ; 10.535 ; 10.535 ; 10.535 ; 10.535 ;
; SW[13]     ; HEX3[2]     ; 10.529 ;        ;        ; 10.529 ;
; SW[13]     ; HEX3[3]     ; 10.489 ; 10.489 ; 10.489 ; 10.489 ;
; SW[13]     ; HEX3[4]     ; 10.532 ; 10.532 ; 10.532 ; 10.532 ;
; SW[13]     ; HEX3[5]     ; 10.727 ;        ;        ; 10.727 ;
; SW[13]     ; HEX3[6]     ; 10.749 ; 10.749 ; 10.749 ; 10.749 ;
; SW[14]     ; HEX3[0]     ; 10.812 ; 10.812 ; 10.812 ; 10.812 ;
; SW[14]     ; HEX3[1]     ; 10.596 ;        ;        ; 10.596 ;
; SW[14]     ; HEX3[2]     ; 10.592 ; 10.592 ; 10.592 ; 10.592 ;
; SW[14]     ; HEX3[3]     ; 10.550 ; 10.550 ; 10.550 ; 10.550 ;
; SW[14]     ; HEX3[4]     ; 10.595 ;        ;        ; 10.595 ;
; SW[14]     ; HEX3[5]     ; 10.795 ; 10.795 ; 10.795 ; 10.795 ;
; SW[14]     ; HEX3[6]     ; 10.811 ; 10.811 ; 10.811 ; 10.811 ;
; SW[15]     ; HEX3[0]     ; 10.499 ; 10.499 ; 10.499 ; 10.499 ;
; SW[15]     ; HEX3[1]     ; 10.284 ;        ;        ; 10.284 ;
; SW[15]     ; HEX3[2]     ; 10.284 ;        ;        ; 10.284 ;
; SW[15]     ; HEX3[3]     ; 10.240 ; 10.240 ; 10.240 ; 10.240 ;
; SW[15]     ; HEX3[4]     ; 10.282 ;        ;        ; 10.282 ;
; SW[15]     ; HEX3[5]     ; 10.488 ; 10.488 ; 10.488 ; 10.488 ;
; SW[15]     ; HEX3[6]     ; 10.499 ; 10.499 ; 10.499 ; 10.499 ;
+------------+-------------+--------+--------+--------+--------+


+----------------------------------------------------------+
; Minimum Progagation Delay                                ;
+------------+-------------+-------+-------+-------+-------+
; Input Port ; Output Port ; RR    ; RF    ; FR    ; FF    ;
+------------+-------------+-------+-------+-------+-------+
; SW[0]      ; HEX0[0]     ; 3.851 ; 3.851 ; 3.851 ; 3.851 ;
; SW[0]      ; HEX0[1]     ; 3.813 ; 3.813 ; 3.813 ; 3.813 ;
; SW[0]      ; HEX0[2]     ;       ; 3.830 ; 3.830 ;       ;
; SW[0]      ; HEX0[3]     ; 3.835 ; 3.835 ; 3.835 ; 3.835 ;
; SW[0]      ; HEX0[4]     ; 3.830 ;       ;       ; 3.830 ;
; SW[0]      ; HEX0[5]     ; 3.723 ;       ;       ; 3.723 ;
; SW[0]      ; HEX0[6]     ; 3.720 ;       ;       ; 3.720 ;
; SW[1]      ; HEX0[0]     ; 3.825 ; 3.825 ; 3.825 ; 3.825 ;
; SW[1]      ; HEX0[1]     ; 3.793 ; 3.793 ; 3.793 ; 3.793 ;
; SW[1]      ; HEX0[2]     ; 3.805 ;       ;       ; 3.805 ;
; SW[1]      ; HEX0[3]     ; 3.814 ; 3.814 ; 3.814 ; 3.814 ;
; SW[1]      ; HEX0[4]     ; 3.812 ; 3.812 ; 3.812 ; 3.812 ;
; SW[1]      ; HEX0[5]     ; 3.697 ;       ;       ; 3.697 ;
; SW[1]      ; HEX0[6]     ; 3.697 ; 3.697 ; 3.697 ; 3.697 ;
; SW[2]      ; HEX0[0]     ; 3.663 ; 3.663 ; 3.663 ; 3.663 ;
; SW[2]      ; HEX0[1]     ; 3.634 ;       ;       ; 3.634 ;
; SW[2]      ; HEX0[2]     ; 3.641 ; 3.641 ; 3.641 ; 3.641 ;
; SW[2]      ; HEX0[3]     ; 3.655 ; 3.655 ; 3.655 ; 3.655 ;
; SW[2]      ; HEX0[4]     ; 3.652 ;       ;       ; 3.652 ;
; SW[2]      ; HEX0[5]     ; 3.534 ; 3.534 ; 3.534 ; 3.534 ;
; SW[2]      ; HEX0[6]     ; 3.535 ; 3.535 ; 3.535 ; 3.535 ;
; SW[3]      ; HEX0[0]     ; 3.237 ; 3.237 ; 3.237 ; 3.237 ;
; SW[3]      ; HEX0[1]     ; 3.211 ;       ;       ; 3.211 ;
; SW[3]      ; HEX0[2]     ; 3.217 ;       ;       ; 3.217 ;
; SW[3]      ; HEX0[3]     ; 3.230 ; 3.230 ; 3.230 ; 3.230 ;
; SW[3]      ; HEX0[4]     ; 3.229 ;       ;       ; 3.229 ;
; SW[3]      ; HEX0[5]     ; 3.110 ; 3.110 ; 3.110 ; 3.110 ;
; SW[3]      ; HEX0[6]     ; 3.115 ; 3.115 ; 3.115 ; 3.115 ;
; SW[4]      ; HEX1[0]     ; 3.452 ; 3.452 ; 3.452 ; 3.452 ;
; SW[4]      ; HEX1[1]     ; 3.471 ; 3.471 ; 3.471 ; 3.471 ;
; SW[4]      ; HEX1[2]     ;       ; 3.242 ; 3.242 ;       ;
; SW[4]      ; HEX1[3]     ; 3.220 ; 3.220 ; 3.220 ; 3.220 ;
; SW[4]      ; HEX1[4]     ; 3.261 ;       ;       ; 3.261 ;
; SW[4]      ; HEX1[5]     ; 3.348 ;       ;       ; 3.348 ;
; SW[4]      ; HEX1[6]     ; 3.377 ;       ;       ; 3.377 ;
; SW[5]      ; HEX1[0]     ; 3.324 ; 3.324 ; 3.324 ; 3.324 ;
; SW[5]      ; HEX1[1]     ; 3.348 ; 3.348 ; 3.348 ; 3.348 ;
; SW[5]      ; HEX1[2]     ; 3.120 ;       ;       ; 3.120 ;
; SW[5]      ; HEX1[3]     ; 3.096 ; 3.096 ; 3.096 ; 3.096 ;
; SW[5]      ; HEX1[4]     ; 3.141 ; 3.141 ; 3.141 ; 3.141 ;
; SW[5]      ; HEX1[5]     ; 3.230 ;       ;       ; 3.230 ;
; SW[5]      ; HEX1[6]     ; 3.249 ; 3.249 ; 3.249 ; 3.249 ;
; SW[6]      ; HEX1[0]     ; 3.442 ; 3.442 ; 3.442 ; 3.442 ;
; SW[6]      ; HEX1[1]     ; 3.465 ;       ;       ; 3.465 ;
; SW[6]      ; HEX1[2]     ; 3.236 ; 3.236 ; 3.236 ; 3.236 ;
; SW[6]      ; HEX1[3]     ; 3.210 ; 3.210 ; 3.210 ; 3.210 ;
; SW[6]      ; HEX1[4]     ; 3.245 ;       ;       ; 3.245 ;
; SW[6]      ; HEX1[5]     ; 3.338 ; 3.338 ; 3.338 ; 3.338 ;
; SW[6]      ; HEX1[6]     ; 3.368 ; 3.368 ; 3.368 ; 3.368 ;
; SW[7]      ; HEX1[0]     ; 3.896 ; 3.896 ; 3.896 ; 3.896 ;
; SW[7]      ; HEX1[1]     ; 3.912 ;       ;       ; 3.912 ;
; SW[7]      ; HEX1[2]     ; 3.683 ;       ;       ; 3.683 ;
; SW[7]      ; HEX1[3]     ; 3.658 ; 3.658 ; 3.658 ; 3.658 ;
; SW[7]      ; HEX1[4]     ; 3.694 ;       ;       ; 3.694 ;
; SW[7]      ; HEX1[5]     ; 3.783 ; 3.783 ; 3.783 ; 3.783 ;
; SW[7]      ; HEX1[6]     ; 3.814 ; 3.814 ; 3.814 ; 3.814 ;
; SW[8]      ; HEX2[0]     ; 3.971 ; 3.971 ; 3.971 ; 3.971 ;
; SW[8]      ; HEX2[1]     ; 3.907 ; 3.907 ; 3.907 ; 3.907 ;
; SW[8]      ; HEX2[2]     ;       ; 3.966 ; 3.966 ;       ;
; SW[8]      ; HEX2[3]     ; 3.982 ; 3.982 ; 3.982 ; 3.982 ;
; SW[8]      ; HEX2[4]     ; 3.835 ;       ;       ; 3.835 ;
; SW[8]      ; HEX2[5]     ; 3.831 ;       ;       ; 3.831 ;
; SW[8]      ; HEX2[6]     ; 3.825 ;       ;       ; 3.825 ;
; SW[9]      ; HEX2[0]     ; 3.698 ; 3.698 ; 3.698 ; 3.698 ;
; SW[9]      ; HEX2[1]     ; 3.637 ; 3.637 ; 3.637 ; 3.637 ;
; SW[9]      ; HEX2[2]     ; 3.703 ;       ;       ; 3.703 ;
; SW[9]      ; HEX2[3]     ; 3.713 ; 3.713 ; 3.713 ; 3.713 ;
; SW[9]      ; HEX2[4]     ; 3.568 ; 3.568 ; 3.568 ; 3.568 ;
; SW[9]      ; HEX2[5]     ; 3.565 ;       ;       ; 3.565 ;
; SW[9]      ; HEX2[6]     ; 3.556 ; 3.556 ; 3.556 ; 3.556 ;
; SW[10]     ; HEX2[0]     ; 3.788 ; 3.788 ; 3.788 ; 3.788 ;
; SW[10]     ; HEX2[1]     ; 3.727 ;       ;       ; 3.727 ;
; SW[10]     ; HEX2[2]     ; 3.780 ; 3.780 ; 3.780 ; 3.780 ;
; SW[10]     ; HEX2[3]     ; 3.792 ; 3.792 ; 3.792 ; 3.792 ;
; SW[10]     ; HEX2[4]     ; 3.647 ;       ;       ; 3.647 ;
; SW[10]     ; HEX2[5]     ; 3.652 ; 3.652 ; 3.652 ; 3.652 ;
; SW[10]     ; HEX2[6]     ; 3.639 ; 3.639 ; 3.639 ; 3.639 ;
; SW[11]     ; HEX2[0]     ; 3.799 ; 3.799 ; 3.799 ; 3.799 ;
; SW[11]     ; HEX2[1]     ; 3.730 ;       ;       ; 3.730 ;
; SW[11]     ; HEX2[2]     ; 3.788 ;       ;       ; 3.788 ;
; SW[11]     ; HEX2[3]     ; 3.796 ; 3.796 ; 3.796 ; 3.796 ;
; SW[11]     ; HEX2[4]     ; 3.650 ;       ;       ; 3.650 ;
; SW[11]     ; HEX2[5]     ; 3.654 ; 3.654 ; 3.654 ; 3.654 ;
; SW[11]     ; HEX2[6]     ; 3.643 ; 3.643 ; 3.643 ; 3.643 ;
; SW[12]     ; HEX3[0]     ; 3.712 ; 3.712 ; 3.712 ; 3.712 ;
; SW[12]     ; HEX3[1]     ; 3.634 ; 3.634 ; 3.634 ; 3.634 ;
; SW[12]     ; HEX3[2]     ;       ; 3.627 ; 3.627 ;       ;
; SW[12]     ; HEX3[3]     ; 3.606 ; 3.606 ; 3.606 ; 3.606 ;
; SW[12]     ; HEX3[4]     ; 3.633 ;       ;       ; 3.633 ;
; SW[12]     ; HEX3[5]     ; 3.690 ;       ;       ; 3.690 ;
; SW[12]     ; HEX3[6]     ; 3.713 ;       ;       ; 3.713 ;
; SW[13]     ; HEX3[0]     ; 5.951 ; 5.951 ; 5.951 ; 5.951 ;
; SW[13]     ; HEX3[1]     ; 5.873 ; 5.873 ; 5.873 ; 5.873 ;
; SW[13]     ; HEX3[2]     ; 5.864 ;       ;       ; 5.864 ;
; SW[13]     ; HEX3[3]     ; 5.846 ; 5.846 ; 5.846 ; 5.846 ;
; SW[13]     ; HEX3[4]     ; 5.869 ; 5.869 ; 5.869 ; 5.869 ;
; SW[13]     ; HEX3[5]     ; 5.928 ;       ;       ; 5.928 ;
; SW[13]     ; HEX3[6]     ; 5.952 ; 5.952 ; 5.952 ; 5.952 ;
; SW[14]     ; HEX3[0]     ; 5.996 ; 5.996 ; 5.996 ; 5.996 ;
; SW[14]     ; HEX3[1]     ; 5.917 ;       ;       ; 5.917 ;
; SW[14]     ; HEX3[2]     ; 5.912 ; 5.912 ; 5.912 ; 5.912 ;
; SW[14]     ; HEX3[3]     ; 5.890 ; 5.890 ; 5.890 ; 5.890 ;
; SW[14]     ; HEX3[4]     ; 5.917 ;       ;       ; 5.917 ;
; SW[14]     ; HEX3[5]     ; 5.982 ; 5.982 ; 5.982 ; 5.982 ;
; SW[14]     ; HEX3[6]     ; 5.997 ; 5.997 ; 5.997 ; 5.997 ;
; SW[15]     ; HEX3[0]     ; 5.845 ; 5.845 ; 5.845 ; 5.845 ;
; SW[15]     ; HEX3[1]     ; 5.765 ;       ;       ; 5.765 ;
; SW[15]     ; HEX3[2]     ; 5.765 ;       ;       ; 5.765 ;
; SW[15]     ; HEX3[3]     ; 5.742 ; 5.742 ; 5.742 ; 5.742 ;
; SW[15]     ; HEX3[4]     ; 5.765 ;       ;       ; 5.765 ;
; SW[15]     ; HEX3[5]     ; 5.835 ; 5.835 ; 5.835 ; 5.835 ;
; SW[15]     ; HEX3[6]     ; 5.845 ; 5.845 ; 5.845 ; 5.845 ;
+------------+-------------+-------+-------+-------+-------+


-------------------
; Clock Transfers ;
-------------------
Nothing to report.


---------------
; Report TCCS ;
---------------
No dedicated SERDES Transmitter circuitry present in device or used in design


---------------
; Report RSKM ;
---------------
No dedicated SERDES Receiver circuitry present in device or used in design


+------------------------------------------------+
; Unconstrained Paths                            ;
+---------------------------------+-------+------+
; Property                        ; Setup ; Hold ;
+---------------------------------+-------+------+
; Illegal Clocks                  ; 0     ; 0    ;
; Unconstrained Clocks            ; 0     ; 0    ;
; Unconstrained Input Ports       ; 16    ; 16   ;
; Unconstrained Input Port Paths  ; 112   ; 112  ;
; Unconstrained Output Ports      ; 28    ; 28   ;
; Unconstrained Output Port Paths ; 112   ; 112  ;
+---------------------------------+-------+------+


+------------------------------------+
; TimeQuest Timing Analyzer Messages ;
+------------------------------------+
Info: *******************************************************************
Info: Running Quartus II 64-Bit TimeQuest Timing Analyzer
    Info: Version 13.0.0 Build 156 04/24/2013 SJ Web Edition
    Info: Processing started: Thu Sep 16 20:35:02 2021
Info: Command: quartus_sta part1 -c part1
Info: qsta_default_script.tcl version: #1
Warning (20028): Parallel compilation is not licensed and has been disabled
Info (21077): Low junction temperature is 0 degrees C
Info (21077): High junction temperature is 85 degrees C
Critical Warning (332012): Synopsys Design Constraints File file not found: 'part1.sdc'. A Synopsys Design Constraints File is required by the TimeQuest Timing Analyzer to get proper timing constraints. Without it, the Compiler will not properly optimize the design.
Info (332142): No user constrained base clocks found in the design. Calling "derive_clocks -period 1.0"
Info (332096): The command derive_clocks did not find any clocks to derive.  No clocks were created or changed.
Warning (332068): No clocks defined in design.
Info: Found TIMEQUEST_REPORT_SCRIPT_INCLUDE_DEFAULT_ANALYSIS = ON
Info (332159): No clocks to report
Info: Analyzing Slow Model
Info (332140): No fmax paths to report
Info (332140): No Setup paths to report
Info (332140): No Hold paths to report
Info (332140): No Recovery paths to report
Info (332140): No Removal paths to report
Info (332140): No Minimum Pulse Width paths to report
Info (332001): The selected device family is not supported by the report_metastability command.
Info: Analyzing Fast Model
Info (332142): No user constrained base clocks found in the design. Calling "derive_clocks -period 1.0"
Info (332096): The command derive_clocks did not find any clocks to derive.  No clocks were created or changed.
Warning (332068): No clocks defined in design.
Info (332140): No Setup paths to report
Info (332140): No Hold paths to report
Info (332140): No Recovery paths to report
Info (332140): No Removal paths to report
Info (332140): No Minimum Pulse Width paths to report
Info (332001): The selected device family is not supported by the report_metastability command.
Info (332102): Design is not fully constrained for setup requirements
Info (332102): Design is not fully constrained for hold requirements
Info: Quartus II 64-Bit TimeQuest Timing Analyzer was successful. 0 errors, 4 warnings
    Info: Peak virtual memory: 4540 megabytes
    Info: Processing ended: Thu Sep 16 20:35:03 2021
    Info: Elapsed time: 00:00:01
    Info: Total CPU time (on all processors): 00:00:01


